<html>
<body>
<pre>
<h1>µVision Build Log</h1>
<h2>Project:</h2>
D:\Sync Folders\Dropbox\Dropbox\KeilARM\SkyDiscover\SkyDiscover.uvproj
Project File Date:  06/16/2014

<h2>Output:</h2>
Build target 'SkyDiscover'
linking...
Program Size: Code=1376 RO-data=1096 RW-data=0 ZI-data=608  
".\Output\SkyDiscover.axf" - 0 Error(s), 0 Warning(s).
</pre>
</body>
</html>

Finished: 1 information, 0 warning and 1 error messages.
".\Output\SkyDiscover.axf" - 1 Error(s), 0 Warning(s).
Target not created
tellarisWare\utils\fswrapper.c: 0 warnings, 1 error
compiling isqrt.c...
compiling locator.c...
C:\StellarisWare\utils/lwiplib.h(44): error:  #5: cannot open source input file "lwip/opt.h": No such file or directory
  #include "lwip/opt.h"
C:\StellarisWare\utils\locator.c: 0 warnings, 1 error
compiling lwiplib.c...
C:\StellarisWare\utils/lwiplib.h(44): error:  #5: cannot open source input file "lwip/opt.h": No such file or directory
  #include "lwip/opt.h"
C:\StellarisWare\utils\lwiplib.c: 0 warnings, 1 error
compiling ptpdlib.c...
C:\StellarisWare\utils/ptpdlib.h(44): error:  #5: cannot open source input file "ptpd-1rc1/src/ptpd.h": No such file or directory
  #include "ptpd-1rc1/src/ptpd.h"
C:\StellarisWare\utils\ptpdlib.c: 0 warnings, 1 error
compiling ringbuf.c...
compiling scheduler.c...
compiling sine.c...
compiling smbus.c...
compiling softi2c.c...
compiling softssi.c...
compiling softuart.c...
compiling speexlib.c...
C:\StellarisWare\third_party/speex-1.2rc1/include/speex/speex.h(43): error:  #5: cannot open source input file "speex/speex_bits.h": No such file or directory
  #include "speex/speex_bits.h"
C:\StellarisWare\utils\speexlib.c: 0 warnings, 1 error
compiling swupdate.c...
C:\StellarisWare\utils/lwiplib.h(44): error:  #5: cannot open source input file "lwip/opt.h": No such file or directory
  #include "lwip/opt.h"
C:\StellarisWare\utils\swupdate.c: 0 warnings, 1 error
compiling tftp.c...
C:\StellarisWare\utils/lwiplib.h(44): error:  #5: cannot open source input file "lwip/opt.h": No such file or directory
  #include "lwip/opt.h"
C:\StellarisWare\utils\tftp.c: 0 warnings, 1 error
compiling uartstdio.c...
compiling ustdlib.c...
compiling buttons.c...
compiling rgb.c...
".\Output\SkyDiscover.axf" - 7 Error(s), 0 Warning(s).
Target not created
