ARM Linker, 5.03 [Build 76] [MDK-ARM Standard]

==============================================================================

Section Cross References

    startup_tm4c123.o(STACK) refers (Special) to heapauxi.o(.text) for __use_two_region_memory
    startup_tm4c123.o(HEAP) refers (Special) to heapauxi.o(.text) for __use_two_region_memory
    startup_tm4c123.o(RESET) refers (Special) to heapauxi.o(.text) for __use_two_region_memory
    startup_tm4c123.o(RESET) refers to startup_tm4c123.o(STACK) for __initial_sp
    startup_tm4c123.o(RESET) refers to startup_tm4c123.o(.text) for Reset_Handler
    startup_tm4c123.o(.text) refers (Special) to heapauxi.o(.text) for __use_two_region_memory
    startup_tm4c123.o(.text) refers to system_tm4c123.o(i.SystemInit) for SystemInit
    startup_tm4c123.o(.text) refers to __main.o(!!!main) for __main
    startup_tm4c123.o(.text) refers to startup_tm4c123.o(HEAP) for Heap_Mem
    startup_tm4c123.o(.text) refers to startup_tm4c123.o(STACK) for Stack_Mem
    main.o(i.main) refers to sysctl.o(i.SysCtlClockSet) for SysCtlClockSet
    main.o(i.main) refers to sysctl.o(i.SysCtlPeripheralEnable) for SysCtlPeripheralEnable
    main.o(i.main) refers to gpio.o(i.GPIOPinTypeGPIOOutput) for GPIOPinTypeGPIOOutput
    main.o(i.main) refers to gpio.o(i.GPIOPinWrite) for GPIOPinWrite
    main.o(i.main) refers to sysctl.o(.emb_text) for SysCtlDelay
    main.o(.ARM.exidx) refers to main.o(i.main) for i.main
    system_tm4c123.o(i.SystemCoreClockUpdate) refers to system_tm4c123.o(i.getOscClk) for getOscClk
    system_tm4c123.o(i.SystemCoreClockUpdate) refers to system_tm4c123.o(.data) for .data
    adc.o(i.ADCIntRegister) refers to interrupt.o(i.IntRegister) for IntRegister
    adc.o(i.ADCIntRegister) refers to interrupt.o(i.IntEnable) for IntEnable
    adc.o(i.ADCIntUnregister) refers to interrupt.o(i.IntDisable) for IntDisable
    adc.o(i.ADCIntUnregister) refers to interrupt.o(i.IntUnregister) for IntUnregister
    adc.o(i.ADCSoftwareOversampleConfigure) refers to adc.o(.data) for .data
    adc.o(i.ADCSoftwareOversampleDataGet) refers to adc.o(.data) for .data
    adc.o(i.ADCSoftwareOversampleStepConfigure) refers to adc.o(.data) for .data
    can.o(i.CANBitRateSet) refers to can.o(i.CANRegRead) for CANRegRead
    can.o(i.CANBitRateSet) refers to can.o(i.CANRegWrite) for CANRegWrite
    can.o(i.CANBitRateSet) refers to can.o(.constdata) for .constdata
    can.o(i.CANBitTimingGet) refers to can.o(i.CANRegRead) for CANRegRead
    can.o(i.CANBitTimingSet) refers to can.o(i.CANRegRead) for CANRegRead
    can.o(i.CANBitTimingSet) refers to can.o(i.CANRegWrite) for CANRegWrite
    can.o(i.CANDisable) refers to can.o(i.CANRegRead) for CANRegRead
    can.o(i.CANDisable) refers to can.o(i.CANRegWrite) for CANRegWrite
    can.o(i.CANEnable) refers to can.o(i.CANRegRead) for CANRegRead
    can.o(i.CANEnable) refers to can.o(i.CANRegWrite) for CANRegWrite
    can.o(i.CANErrCntrGet) refers to can.o(i.CANRegRead) for CANRegRead
    can.o(i.CANInit) refers to can.o(i.CANRegWrite) for CANRegWrite
    can.o(i.CANInit) refers to can.o(i.CANRegRead) for CANRegRead
    can.o(i.CANIntClear) refers to can.o(i.CANRegRead) for CANRegRead
    can.o(i.CANIntClear) refers to can.o(i.CANRegWrite) for CANRegWrite
    can.o(i.CANIntDisable) refers to can.o(i.CANRegRead) for CANRegRead
    can.o(i.CANIntDisable) refers to can.o(i.CANRegWrite) for CANRegWrite
    can.o(i.CANIntEnable) refers to can.o(i.CANRegRead) for CANRegRead
    can.o(i.CANIntEnable) refers to can.o(i.CANRegWrite) for CANRegWrite
    can.o(i.CANIntRegister) refers to can.o(i.CANIntNumberGet) for CANIntNumberGet
    can.o(i.CANIntRegister) refers to interrupt.o(i.IntRegister) for IntRegister
    can.o(i.CANIntRegister) refers to interrupt.o(i.IntEnable) for IntEnable
    can.o(i.CANIntStatus) refers to can.o(i.CANRegRead) for CANRegRead
    can.o(i.CANIntUnregister) refers to can.o(i.CANIntNumberGet) for CANIntNumberGet
    can.o(i.CANIntUnregister) refers to interrupt.o(i.IntDisable) for IntDisable
    can.o(i.CANIntUnregister) refers to interrupt.o(i.IntUnregister) for IntUnregister
    can.o(i.CANMessageClear) refers to can.o(i.CANRegRead) for CANRegRead
    can.o(i.CANMessageClear) refers to can.o(i.CANRegWrite) for CANRegWrite
    can.o(i.CANMessageGet) refers to can.o(i.CANRegWrite) for CANRegWrite
    can.o(i.CANMessageGet) refers to can.o(i.CANRegRead) for CANRegRead
    can.o(i.CANMessageSet) refers to can.o(i.CANRegRead) for CANRegRead
    can.o(i.CANMessageSet) refers to can.o(i.CANRegWrite) for CANRegWrite
    can.o(i.CANRegRead) refers to can.o(i.CANIntNumberGet) for CANIntNumberGet
    can.o(i.CANRegRead) refers to interrupt.o(i.IntDisable) for IntDisable
    can.o(i.CANRegRead) refers to interrupt.o(i.IntEnable) for IntEnable
    can.o(i.CANRetryGet) refers to can.o(i.CANRegRead) for CANRegRead
    can.o(i.CANRetrySet) refers to can.o(i.CANRegRead) for CANRegRead
    can.o(i.CANRetrySet) refers to can.o(i.CANRegWrite) for CANRegWrite
[...]
    sys_command.o(.text) refers (Special) to indicate_semi.o(.text) for __semihosting_library_function
    defsig_rtmem_outer.o(.text) refers to defsig_rtmem_inner.o(.text) for __rt_SIGRTMEM_inner
    defsig_rtmem_outer.o(.text) refers to defsig_exit.o(.text) for __sig_exit
    defsig_rtmem_formal.o(.text) refers to rt_raise.o(.text) for __rt_raise
    rt_raise.o(.text) refers to __raise.o(.text) for __raise
    rt_raise.o(.text) refers to sys_exit.o(.text) for _sys_exit
    defsig_exit.o(.text) refers to sys_exit.o(.text) for _sys_exit
    defsig_rtmem_inner.o(.text) refers to defsig_general.o(.text) for __default_signal_display
    __raise.o(.text) refers to defsig.o(CL$$defsig) for __default_signal_handler
    defsig_general.o(.text) refers to sys_wrch.o(.text) for _ttywrch
    sys_wrch.o(.text) refers (Special) to use_no_semi.o(.text) for __I$use$semihosting
    sys_wrch.o(.text) refers (Special) to indicate_semi.o(.text) for __semihosting_library_function
    defsig.o(CL$$defsig) refers to defsig_rtmem_inner.o(.text) for __rt_SIGRTMEM_inner
    defsig_abrt_inner.o(.text) refers to defsig_general.o(.text) for __default_signal_display
    defsig_fpe_inner.o(.text) refers to defsig_general.o(.text) for __default_signal_display
    defsig_rtred_inner.o(.text) refers to defsig_general.o(.text) for __default_signal_display
    defsig_stak_inner.o(.text) refers to defsig_general.o(.text) for __default_signal_display
    defsig_pvfn_inner.o(.text) refers to defsig_general.o(.text) for __default_signal_display
    defsig_cppl_inner.o(.text) refers to defsig_general.o(.text) for __default_signal_display
    defsig_segv_inner.o(.text) refers to defsig_general.o(.text) for __default_signal_display
    defsig_other.o(.text) refers to defsig_general.o(.text) for __default_signal_display


==============================================================================

Removing Unused input sections from the image.

    Removing main.o(.ARM.exidx), (8 bytes).
    Removing system_tm4c123.o(.rev16_text), (4 bytes).
    Removing system_tm4c123.o(.revsh_text), (4 bytes).
    Removing system_tm4c123.o(i.SystemCoreClockUpdate), (124 bytes).
    Removing system_tm4c123.o(i.getOscClk), (232 bytes).
    Removing system_tm4c123.o(.data), (4 bytes).
    Removing adc.o(i.ADCComparatorConfigure), (10 bytes).
    Removing adc.o(i.ADCComparatorIntClear), (4 bytes).
    Removing adc.o(i.ADCComparatorIntDisable), (14 bytes).
    Removing adc.o(i.ADCComparatorIntEnable), (14 bytes).
    Removing adc.o(i.ADCComparatorIntStatus), (4 bytes).
    Removing adc.o(i.ADCComparatorRegionSet), (14 bytes).
    Removing adc.o(i.ADCComparatorReset), (28 bytes).
    Removing adc.o(i.ADCHardwareOversampleConfigure), (14 bytes).
    Removing adc.o(i.ADCIntClear), (8 bytes).
    Removing adc.o(i.ADCIntDisable), (12 bytes).
    Removing adc.o(i.ADCIntEnable), (14 bytes).
    Removing adc.o(i.ADCIntRegister), (40 bytes).
    Removing adc.o(i.ADCIntStatus), (48 bytes).
    Removing adc.o(i.ADCIntUnregister), (40 bytes).
    Removing adc.o(i.ADCPhaseDelayGet), (4 bytes).
    Removing adc.o(i.ADCPhaseDelaySet), (4 bytes).
    Removing adc.o(i.ADCProcessorTrigger), (22 bytes).
    Removing adc.o(i.ADCReferenceGet), (8 bytes).
    Removing adc.o(i.ADCReferenceSet), (12 bytes).
    Removing adc.o(i.ADCResolutionGet), (8 bytes).
    Removing adc.o(i.ADCResolutionSet), (12 bytes).
    Removing adc.o(i.ADCSequenceConfigure), (38 bytes).
    Removing adc.o(i.ADCSequenceDataGet), (34 bytes).
    Removing adc.o(i.ADCSequenceDisable), (12 bytes).
    Removing adc.o(i.ADCSequenceEnable), (12 bytes).
    Removing adc.o(i.ADCSequenceOverflow), (10 bytes).
    Removing adc.o(i.ADCSequenceOverflowClear), (8 bytes).
    Removing adc.o(i.ADCSequenceStepConfigure), (100 bytes).
    Removing adc.o(i.ADCSequenceUnderflow), (10 bytes).
    Removing adc.o(i.ADCSequenceUnderflowClear), (8 bytes).
    Removing adc.o(i.ADCSoftwareOversampleConfigure), (24 bytes).
    Removing adc.o(i.ADCSoftwareOversampleDataGet), (52 bytes).
    Removing adc.o(i.ADCSoftwareOversampleStepConfigure), (108 bytes).
    Removing adc.o(.data), (3 bytes).
    Removing can.o(i.CANBitRateSet), (140 bytes).
    Removing can.o(i.CANBitTimingGet), (60 bytes).
    Removing can.o(i.CANBitTimingSet), (114 bytes).
    Removing can.o(i.CANDisable), (22 bytes).
    Removing can.o(i.CANEnable), (22 bytes).
    Removing can.o(i.CANErrCntrGet), (34 bytes).
    Removing can.o(i.CANInit), (128 bytes).
    Removing can.o(i.CANIntClear), (68 bytes).
    Removing can.o(i.CANIntDisable), (24 bytes).
    Removing can.o(i.CANIntEnable), (24 bytes).
    Removing can.o(i.CANIntNumberGet), (40 bytes).
    Removing can.o(i.CANIntRegister), (26 bytes).
    Removing can.o(i.CANIntStatus), (50 bytes).
    Removing can.o(i.CANIntUnregister), (22 bytes).
    Removing can.o(i.CANMessageClear), (64 bytes).
    Removing can.o(i.CANMessageGet), (378 bytes).
    Removing can.o(i.CANMessageSet), (420 bytes).
    Removing can.o(i.CANRegRead), (72 bytes).
    Removing can.o(i.CANRegWrite), (18 bytes).
    Removing can.o(i.CANRetryGet), (18 bytes).
    Removing can.o(i.CANRetrySet), (32 bytes).
    Removing can.o(i.CANStatusGet), (100 bytes).
    Removing can.o(.constdata), (32 bytes).
    Removing comp.o(i.ComparatorConfigure), (8 bytes).
    Removing comp.o(i.ComparatorIntClear), (8 bytes).
    Removing comp.o(i.ComparatorIntDisable), (12 bytes).
    Removing comp.o(i.ComparatorIntEnable), (12 bytes).
    Removing comp.o(i.ComparatorIntRegister), (36 bytes).
    Removing comp.o(i.ComparatorIntStatus), (16 bytes).
    Removing comp.o(i.ComparatorIntUnregister), (32 bytes).
    Removing comp.o(i.ComparatorRefSet), (4 bytes).
    Removing comp.o(i.ComparatorValueGet), (18 bytes).
    Removing cpu.o(.emb_text), (38 bytes).
    Removing eeprom.o(i.EEPROMBlockCountGet), (16 bytes).
    Removing eeprom.o(i.EEPROMBlockHide), (16 bytes).
    Removing eeprom.o(i.EEPROMBlockLock), (20 bytes).
    Removing eeprom.o(i.EEPROMBlockPasswordSet), (36 bytes).
    Removing eeprom.o(i.EEPROMBlockProtectGet), (12 bytes).
    Removing eeprom.o(i.EEPROMBlockProtectSet), (20 bytes).
    Removing eeprom.o(i.EEPROMBlockUnlock), (40 bytes).
    Removing eeprom.o(i.EEPROMClearSectorMask), (52 bytes).
    Removing eeprom.o(i.EEPROMInit), (64 bytes).
    Removing eeprom.o(i.EEPROMIntClear), (52 bytes).
    Removing eeprom.o(i.EEPROMIntDisable), (32 bytes).
    Removing eeprom.o(i.EEPROMIntEnable), (32 bytes).
    Removing eeprom.o(i.EEPROMIntStatus), (36 bytes).
    Removing eeprom.o(i.EEPROMMassErase), (84 bytes).
    Removing eeprom.o(i.EEPROMProgram), (192 bytes).
    Removing eeprom.o(i.EEPROMProgramNonBlocking), (68 bytes).
    Removing eeprom.o(i.EEPROMRead), (44 bytes).
    Removing eeprom.o(i.EEPROMSetSectorMask), (60 bytes).
    Removing eeprom.o(i.EEPROMSizeGet), (16 bytes).
    Removing eeprom.o(i.EEPROMStatusGet), (12 bytes).
    Removing eeprom.o(i.EEPROMWaitForDone), (16 bytes).
    Removing epi.o(i.EPIAddressMapSet), (4 bytes).
    Removing epi.o(i.EPIConfigGPModeSet), (32 bytes).
    Removing epi.o(i.EPIConfigHB16Set), (42 bytes).
    Removing epi.o(i.EPIConfigHB8Set), (42 bytes).
    Removing epi.o(i.EPIConfigSDRAMSet), (16 bytes).
    Removing epi.o(i.EPIDividerSet), (4 bytes).
    Removing epi.o(i.EPIFIFOConfig), (6 bytes).
    Removing epi.o(i.EPIIntDisable), (12 bytes).
    Removing epi.o(i.EPIIntEnable), (12 bytes).
    Removing epi.o(i.EPIIntErrorClear), (6 bytes).
    Removing epi.o(i.EPIIntErrorStatus), (6 bytes).
    Removing epi.o(i.EPIIntRegister), (18 bytes).
    Removing epi.o(i.EPIIntStatus), (14 bytes).
    Removing epi.o(i.EPIIntUnregister), (18 bytes).
    Removing epi.o(i.EPIModeSet), (4 bytes).
    Removing epi.o(i.EPINonBlockingReadAvail), (4 bytes).
    Removing epi.o(i.EPINonBlockingReadConfigure), (10 bytes).
    Removing epi.o(i.EPINonBlockingReadCount), (8 bytes).
    Removing epi.o(i.EPINonBlockingReadGet16), (28 bytes).
    Removing epi.o(i.EPINonBlockingReadGet32), (26 bytes).
    Removing epi.o(i.EPINonBlockingReadGet8), (28 bytes).
    Removing epi.o(i.EPINonBlockingReadStart), (8 bytes).
    Removing epi.o(i.EPINonBlockingReadStop), (10 bytes).
    Removing epi.o(i.EPIWriteFIFOCountGet), (6 bytes).
    Removing ethernet.o(i.EthernetConfigGet), (24 bytes).
    Removing ethernet.o(i.EthernetConfigSet), (42 bytes).
    Removing ethernet.o(i.EthernetDisable), (34 bytes).
    Removing ethernet.o(i.EthernetEnable), (34 bytes).
    Removing ethernet.o(i.EthernetInitExpClk), (16 bytes).
    Removing ethernet.o(i.EthernetIntClear), (4 bytes).
    Removing ethernet.o(i.EthernetIntDisable), (8 bytes).
    Removing ethernet.o(i.EthernetIntEnable), (8 bytes).
    Removing ethernet.o(i.EthernetIntRegister), (18 bytes).
    Removing ethernet.o(i.EthernetIntStatus), (14 bytes).
    Removing ethernet.o(i.EthernetIntUnregister), (18 bytes).
    Removing ethernet.o(i.EthernetMACAddrGet), (48 bytes).
    Removing ethernet.o(i.EthernetMACAddrSet), (52 bytes).
    Removing ethernet.o(i.EthernetPHYAddrSet), (10 bytes).
    Removing ethernet.o(i.EthernetPHYPowerOff), (30 bytes).
    Removing ethernet.o(i.EthernetPHYPowerOn), (30 bytes).
    Removing ethernet.o(i.EthernetPHYRead), (26 bytes).
    Removing ethernet.o(i.EthernetPHYWrite), (26 bytes).
    Removing ethernet.o(i.EthernetPacketAvail), (10 bytes).
    Removing ethernet.o(i.EthernetPacketGet), (10 bytes).
    Removing ethernet.o(i.EthernetPacketGetInternal), (130 bytes).
    Removing ethernet.o(i.EthernetPacketGetNonBlocking), (14 bytes).
    Removing ethernet.o(i.EthernetPacketPut), (10 bytes).
    Removing ethernet.o(i.EthernetPacketPutInternal), (114 bytes).
    Removing ethernet.o(i.EthernetPacketPutNonBlocking), (14 bytes).
    Removing ethernet.o(i.EthernetSpaceAvail), (10 bytes).
    Removing fan.o(i.FanChannelConfigAuto), (12 bytes).
    Removing fan.o(i.FanChannelConfigManual), (12 bytes).
    Removing fan.o(i.FanChannelDisable), (12 bytes).
    Removing fan.o(i.FanChannelDutyGet), (16 bytes).
    Removing fan.o(i.FanChannelDutySet), (16 bytes).
    Removing fan.o(i.FanChannelEnable), (12 bytes).
    Removing fan.o(i.FanChannelRPMGet), (12 bytes).
    Removing fan.o(i.FanChannelRPMSet), (8 bytes).
    Removing fan.o(i.FanChannelStatus), (12 bytes).
    Removing fan.o(i.FanChannelsGet), (10 bytes).
    Removing fan.o(i.FanIntClear), (6 bytes).
    Removing fan.o(i.FanIntDisable), (10 bytes).
    Removing fan.o(i.FanIntEnable), (10 bytes).
    Removing fan.o(i.FanIntRegister), (18 bytes).
    Removing fan.o(i.FanIntStatus), (14 bytes).
    Removing fan.o(i.FanIntUnregister), (18 bytes).
    Removing flash.o(i.FlashErase), (40 bytes).
    Removing flash.o(i.FlashIntClear), (12 bytes).
    Removing flash.o(i.FlashIntDisable), (16 bytes).
    Removing flash.o(i.FlashIntEnable), (16 bytes).
    Removing flash.o(i.FlashIntRegister), (20 bytes).
    Removing flash.o(i.FlashIntStatus), (16 bytes).
    Removing flash.o(i.FlashIntUnregister), (18 bytes).
    Removing flash.o(i.FlashProgram), (124 bytes).
    Removing flash.o(i.FlashProtectGet), (124 bytes).
    Removing flash.o(i.FlashProtectSave), (76 bytes).
    Removing flash.o(i.FlashProtectSet), (232 bytes).
    Removing flash.o(i.FlashUsecGet), (12 bytes).
    Removing flash.o(i.FlashUsecSet), (12 bytes).
    Removing flash.o(i.FlashUserGet), (56 bytes).
    Removing flash.o(i.FlashUserSave), (80 bytes).
    Removing flash.o(i.FlashUserSet), (52 bytes).
    Removing flash.o(.constdata), (32 bytes).
    Removing fpu.o(i.FPUDisable), (16 bytes).
    Removing fpu.o(i.FPUEnable), (16 bytes).
    Removing fpu.o(i.FPUFlushToZeroModeSet), (20 bytes).
    Removing fpu.o(i.FPUHalfPrecisionModeSet), (20 bytes).
    Removing fpu.o(i.FPULazyStackingEnable), (16 bytes).
    Removing fpu.o(i.FPUNaNModeSet), (20 bytes).
    Removing fpu.o(i.FPURoundingModeSet), (20 bytes).
    Removing fpu.o(i.FPUStackingDisable), (16 bytes).
    Removing fpu.o(i.FPUStackingEnable), (20 bytes).
    Removing gpio.o(i.GPIOADCTriggerDisable), (14 bytes).
    Removing gpio.o(i.GPIOADCTriggerEnable), (14 bytes).
    Removing gpio.o(i.GPIODMATriggerDisable), (14 bytes).
    Removing gpio.o(i.GPIODMATriggerEnable), (14 bytes).
    Removing gpio.o(i.GPIODirModeGet), (38 bytes).
    Removing gpio.o(i.GPIOGetIntNumber), (216 bytes).
    Removing gpio.o(i.GPIOIntTypeGet), (50 bytes).
    Removing gpio.o(i.GPIOIntTypeSet), (56 bytes).
    Removing gpio.o(i.GPIOPadConfigGet), (110 bytes).
    Removing gpio.o(i.GPIOPinConfigure), (72 bytes).
    Removing gpio.o(i.GPIOPinIntClear), (6 bytes).
    Removing gpio.o(i.GPIOPinIntDisable), (14 bytes).
    Removing gpio.o(i.GPIOPinIntEnable), (14 bytes).
    Removing gpio.o(i.GPIOPinIntStatus), (14 bytes).
    Removing gpio.o(i.GPIOPinRead), (6 bytes).
    Removing gpio.o(i.GPIOPinTypeADC), (28 bytes).
    Removing gpio.o(i.GPIOPinTypeCAN), (28 bytes).
    Removing gpio.o(i.GPIOPinTypeComparator), (28 bytes).
    Removing gpio.o(i.GPIOPinTypeEPI), (28 bytes).
    Removing gpio.o(i.GPIOPinTypeEthernetLED), (28 bytes).
    Removing gpio.o(i.GPIOPinTypeEthernetMII), (28 bytes).
    Removing gpio.o(i.GPIOPinTypeFan), (28 bytes).
    Removing gpio.o(i.GPIOPinTypeGPIOInput), (28 bytes).
    Removing gpio.o(i.GPIOPinTypeGPIOOutputOD), (28 bytes).
    Removing gpio.o(i.GPIOPinTypeI2C), (28 bytes).
    Removing gpio.o(i.GPIOPinTypeI2CSCL), (120 bytes).
    Removing gpio.o(i.GPIOPinTypeI2S), (28 bytes).
    Removing gpio.o(i.GPIOPinTypeLPC), (28 bytes).
    Removing gpio.o(i.GPIOPinTypePECIRx), (28 bytes).
    Removing gpio.o(i.GPIOPinTypePECITx), (28 bytes).
    Removing gpio.o(i.GPIOPinTypePWM), (28 bytes).
    Removing gpio.o(i.GPIOPinTypeQEI), (28 bytes).
    Removing gpio.o(i.GPIOPinTypeSSI), (28 bytes).
    Removing gpio.o(i.GPIOPinTypeTimer), (28 bytes).
    Removing gpio.o(i.GPIOPinTypeUART), (28 bytes).
    Removing gpio.o(i.GPIOPinTypeUSBAnalog), (28 bytes).
    Removing gpio.o(i.GPIOPinTypeUSBDigital), (28 bytes).
    Removing gpio.o(i.GPIOPortIntRegister), (26 bytes).
    Removing gpio.o(i.GPIOPortIntUnregister), (22 bytes).
    Removing gpio.o(.constdata), (120 bytes).
    Removing hibernate.o(i.HibernateBatCheckDone), (16 bytes).
    Removing hibernate.o(i.HibernateBatCheckStart), (20 bytes).
    Removing hibernate.o(i.HibernateClockConfig), (24 bytes).
    Removing hibernate.o(i.HibernateClockSelect), (20 bytes).
    Removing hibernate.o(i.HibernateDataGet), (32 bytes).
    Removing hibernate.o(i.HibernateDataSet), (44 bytes).
    Removing hibernate.o(i.HibernateDisable), (20 bytes).
    Removing hibernate.o(i.HibernateEnableExpClk), (80 bytes).
    Removing hibernate.o(i.HibernateGPIORetentionDisable), (20 bytes).
    Removing hibernate.o(i.HibernateGPIORetentionEnable), (20 bytes).
    Removing hibernate.o(i.HibernateGPIORetentionGet), (20 bytes).
    Removing hibernate.o(i.HibernateIntClear), (16 bytes).
    Removing hibernate.o(i.HibernateIntDisable), (16 bytes).
    Removing hibernate.o(i.HibernateIntEnable), (16 bytes).
    Removing hibernate.o(i.HibernateIntRegister), (20 bytes).
    Removing hibernate.o(i.HibernateIntStatus), (24 bytes).
    Removing hibernate.o(i.HibernateIntUnregister), (18 bytes).
    Removing hibernate.o(i.HibernateIsActive), (16 bytes).
    Removing hibernate.o(i.HibernateLowBatGet), (16 bytes).
    Removing hibernate.o(i.HibernateLowBatSet), (24 bytes).
    Removing hibernate.o(i.HibernateRTCDisable), (20 bytes).
    Removing hibernate.o(i.HibernateRTCEnable), (20 bytes).
    Removing hibernate.o(i.HibernateRTCGet), (12 bytes).
    Removing hibernate.o(i.HibernateRTCMatch0Get), (12 bytes).
    Removing hibernate.o(i.HibernateRTCMatch0Set), (12 bytes).
    Removing hibernate.o(i.HibernateRTCMatch1Get), (12 bytes).
    Removing hibernate.o(i.HibernateRTCMatch1Set), (12 bytes).
    Removing hibernate.o(i.HibernateRTCSSGet), (16 bytes).
    Removing hibernate.o(i.HibernateRTCSSMatch0Get), (12 bytes).
    Removing hibernate.o(i.HibernateRTCSSMatch0Set), (16 bytes).
    Removing hibernate.o(i.HibernateRTCSet), (12 bytes).
    Removing hibernate.o(i.HibernateRTCTrimGet), (12 bytes).
    Removing hibernate.o(i.HibernateRTCTrimSet), (12 bytes).
    Removing hibernate.o(i.HibernateRequest), (20 bytes).
    Removing hibernate.o(i.HibernateWakeGet), (16 bytes).
    Removing hibernate.o(i.HibernateWakeSet), (20 bytes).
    Removing hibernate.o(i.HibernateWriteComplete), (52 bytes).
    Removing hibernate.o(.data), (4 bytes).
    Removing i2c.o(i.I2CIntNumberGet), (36 bytes).
    Removing i2c.o(i.I2CIntRegister), (26 bytes).
    Removing i2c.o(i.I2CIntUnregister), (22 bytes).
    Removing i2c.o(i.I2CMasterBusBusy), (14 bytes).
    Removing i2c.o(i.I2CMasterBusy), (10 bytes).
    Removing i2c.o(i.I2CMasterControl), (4 bytes).
    Removing i2c.o(i.I2CMasterDataGet), (4 bytes).
    Removing i2c.o(i.I2CMasterDataPut), (4 bytes).
    Removing i2c.o(i.I2CMasterDisable), (10 bytes).
    Removing i2c.o(i.I2CMasterEnable), (10 bytes).
    Removing i2c.o(i.I2CMasterErr), (22 bytes).
    Removing i2c.o(i.I2CMasterInitExpClk), (84 bytes).
    Removing i2c.o(i.I2CMasterIntClear), (8 bytes).
    Removing i2c.o(i.I2CMasterIntClearEx), (4 bytes).
    Removing i2c.o(i.I2CMasterIntDisable), (6 bytes).
    Removing i2c.o(i.I2CMasterIntDisableEx), (8 bytes).
    Removing i2c.o(i.I2CMasterIntEnable), (6 bytes).
    Removing i2c.o(i.I2CMasterIntEnableEx), (8 bytes).
    Removing i2c.o(i.I2CMasterIntStatus), (16 bytes).
    Removing i2c.o(i.I2CMasterIntStatusEx), (10 bytes).
    Removing i2c.o(i.I2CMasterLineStateGet), (4 bytes).
    Removing i2c.o(i.I2CMasterSlaveAddrSet), (8 bytes).
    Removing i2c.o(i.I2CMasterTimeoutSet), (4 bytes).
    Removing i2c.o(i.I2CSlaveACKOverride), (20 bytes).
    Removing i2c.o(i.I2CSlaveACKValueSet), (20 bytes).
    Removing i2c.o(i.I2CSlaveAddressSet), (18 bytes).
    Removing i2c.o(i.I2CSlaveDataGet), (4 bytes).
    Removing i2c.o(i.I2CSlaveDataPut), (4 bytes).
    Removing i2c.o(i.I2CSlaveDisable), (18 bytes).
    Removing i2c.o(i.I2CSlaveEnable), (18 bytes).
    Removing i2c.o(i.I2CSlaveInit), (14 bytes).
    Removing i2c.o(i.I2CSlaveIntClear), (6 bytes).
    Removing i2c.o(i.I2CSlaveIntClearEx), (4 bytes).
    Removing i2c.o(i.I2CSlaveIntDisable), (10 bytes).
    Removing i2c.o(i.I2CSlaveIntDisableEx), (8 bytes).
    Removing i2c.o(i.I2CSlaveIntEnable), (10 bytes).
    Removing i2c.o(i.I2CSlaveIntEnableEx), (8 bytes).
    Removing i2c.o(i.I2CSlaveIntStatus), (16 bytes).
    Removing i2c.o(i.I2CSlaveIntStatusEx), (52 bytes).
    Removing i2c.o(i.I2CSlaveStatus), (4 bytes).
    Removing i2c.o(.constdata), (48 bytes).
    Removing i2s.o(i.I2SIntClear), (6 bytes).
    Removing i2s.o(i.I2SIntDisable), (14 bytes).
    Removing i2s.o(i.I2SIntEnable), (14 bytes).
    Removing i2s.o(i.I2SIntRegister), (18 bytes).
    Removing i2s.o(i.I2SIntStatus), (14 bytes).
    Removing i2s.o(i.I2SIntUnregister), (18 bytes).
    Removing i2s.o(i.I2SMasterClockSelect), (18 bytes).
    Removing i2s.o(i.I2SRxConfigSet), (54 bytes).
    Removing i2s.o(i.I2SRxDataGet), (16 bytes).
    Removing i2s.o(i.I2SRxDataGetNonBlocking), (20 bytes).
    Removing i2s.o(i.I2SRxDisable), (16 bytes).
    Removing i2s.o(i.I2SRxEnable), (22 bytes).
    Removing i2s.o(i.I2SRxFIFOLevelGet), (6 bytes).
    Removing i2s.o(i.I2SRxFIFOLimitGet), (12 bytes).
    Removing i2s.o(i.I2SRxFIFOLimitSet), (6 bytes).
    Removing i2s.o(i.I2STxConfigSet), (24 bytes).
    Removing i2s.o(i.I2STxDataPut), (10 bytes).
    Removing i2s.o(i.I2STxDataPutNonBlocking), (16 bytes).
    Removing i2s.o(i.I2STxDisable), (16 bytes).
    Removing i2s.o(i.I2STxEnable), (20 bytes).
    Removing i2s.o(i.I2STxFIFOLevelGet), (4 bytes).
    Removing i2s.o(i.I2STxFIFOLimitGet), (4 bytes).
    Removing i2s.o(i.I2STxFIFOLimitSet), (4 bytes).
    Removing i2s.o(i.I2STxRxConfigSet), (68 bytes).
    Removing i2s.o(i.I2STxRxDisable), (16 bytes).
    Removing i2s.o(i.I2STxRxEnable), (24 bytes).
    Removing interrupt.o(i.IntDefaultHandler), (2 bytes).
    Removing interrupt.o(i.IntDisable), (92 bytes).
    Removing interrupt.o(i.IntEnable), (92 bytes).
    Removing interrupt.o(i.IntIsEnabled), (96 bytes).
    Removing interrupt.o(i.IntMasterDisable), (10 bytes).
    Removing interrupt.o(i.IntMasterEnable), (10 bytes).
    Removing interrupt.o(i.IntPendClear), (64 bytes).
    Removing interrupt.o(i.IntPendSet), (76 bytes).
    Removing interrupt.o(i.IntPriorityGet), (24 bytes).
    Removing interrupt.o(i.IntPriorityGroupingGet), (36 bytes).
    Removing interrupt.o(i.IntPriorityGroupingSet), (28 bytes).
    Removing interrupt.o(i.IntPriorityMaskGet), (4 bytes).
    Removing interrupt.o(i.IntPriorityMaskSet), (4 bytes).
    Removing interrupt.o(i.IntPrioritySet), (36 bytes).
    Removing interrupt.o(i.IntRegister), (48 bytes).
    Removing interrupt.o(i.IntUnregister), (20 bytes).
    Removing interrupt.o(.constdata), (268 bytes).
    Removing interrupt.o(vtable), (620 bytes).
    Removing lpc.o(i.LPCByteRead), (8 bytes).
    Removing lpc.o(i.LPCByteWrite), (8 bytes).
    Removing lpc.o(i.LPCCOMxIntClear), (12 bytes).
    Removing lpc.o(i.LPCCOMxIntDisable), (12 bytes).
    Removing lpc.o(i.LPCCOMxIntEnable), (12 bytes).
    Removing lpc.o(i.LPCCOMxIntStatus), (16 bytes).
    Removing lpc.o(i.LPCChannelConfigCOMxSet), (46 bytes).
    Removing lpc.o(i.LPCChannelConfigEPSet), (26 bytes).
    Removing lpc.o(i.LPCChannelConfigGet), (50 bytes).
    Removing lpc.o(i.LPCChannelConfigMBSet), (30 bytes).
    Removing lpc.o(i.LPCChannelDMAConfigGet), (8 bytes).
    Removing lpc.o(i.LPCChannelDMAConfigSet), (16 bytes).
    Removing lpc.o(i.LPCChannelDisable), (12 bytes).
    Removing lpc.o(i.LPCChannelEnable), (12 bytes).
    Removing lpc.o(i.LPCChannelPoolAddressGet), (22 bytes).
    Removing lpc.o(i.LPCChannelStatusClear), (12 bytes).
    Removing lpc.o(i.LPCChannelStatusGet), (8 bytes).
    Removing lpc.o(i.LPCChannelStatusSet), (12 bytes).
    Removing lpc.o(i.LPCConfigGet), (8 bytes).
    Removing lpc.o(i.LPCConfigSet), (16 bytes).
    Removing lpc.o(i.LPCHalfWordRead), (8 bytes).
    Removing lpc.o(i.LPCHalfWordWrite), (8 bytes).
    Removing lpc.o(i.LPCIRQClear), (12 bytes).
    Removing lpc.o(i.LPCIRQConfig), (36 bytes).
    Removing lpc.o(i.LPCIRQGet), (4 bytes).
    Removing lpc.o(i.LPCIRQSend), (10 bytes).
    Removing lpc.o(i.LPCIRQSet), (12 bytes).
    Removing lpc.o(i.LPCIntClear), (6 bytes).
    Removing lpc.o(i.LPCIntDisable), (12 bytes).
    Removing lpc.o(i.LPCIntEnable), (12 bytes).
    Removing lpc.o(i.LPCIntRegister), (18 bytes).
    Removing lpc.o(i.LPCIntStatus), (14 bytes).
    Removing lpc.o(i.LPCIntUnregister), (18 bytes).
    Removing lpc.o(i.LPCSCIAssert), (32 bytes).
    Removing lpc.o(i.LPCStatusBlockAddressGet), (6 bytes).
    Removing lpc.o(i.LPCStatusBlockAddressSet), (12 bytes).
    Removing lpc.o(i.LPCStatusGet), (26 bytes).
    Removing lpc.o(i.LPCWordRead), (8 bytes).
    Removing lpc.o(i.LPCWordWrite), (8 bytes).
    Removing mpu.o(i.MPUDisable), (16 bytes).
    Removing mpu.o(i.MPUEnable), (16 bytes).
    Removing mpu.o(i.MPUIntRegister), (20 bytes).
    Removing mpu.o(i.MPUIntUnregister), (18 bytes).
    Removing mpu.o(i.MPURegionCountGet), (16 bytes).
    Removing mpu.o(i.MPURegionDisable), (24 bytes).
    Removing mpu.o(i.MPURegionEnable), (24 bytes).
    Removing mpu.o(i.MPURegionGet), (24 bytes).
    Removing mpu.o(i.MPURegionSet), (28 bytes).
    Removing peci.o(i.PECIAdvCmdSend), (54 bytes).
    Removing peci.o(i.PECIAdvCmdSendNonBlocking), (50 bytes).
    Removing peci.o(i.PECIAdvCmdStatusGet), (32 bytes).
    Removing peci.o(i.PECIBypassDisable), (10 bytes).
    Removing peci.o(i.PECIBypassEnable), (10 bytes).
    Removing peci.o(i.PECIConfigGet), (48 bytes).
    Removing peci.o(i.PECIConfigSet), (124 bytes).
    Removing peci.o(i.PECIDomainConfigGet), (18 bytes).
    Removing peci.o(i.PECIDomainConfigSet), (12 bytes).
    Removing peci.o(i.PECIDomainDisable), (12 bytes).
    Removing peci.o(i.PECIDomainEnable), (12 bytes).
    Removing peci.o(i.PECIDomainMaxReadClear), (12 bytes).
    Removing peci.o(i.PECIDomainMaxReadGet), (10 bytes).
    Removing peci.o(i.PECIDomainValueClear), (14 bytes).
    Removing peci.o(i.PECIDomainValueGet), (10 bytes).
    Removing peci.o(i.PECIIntClear), (6 bytes).
    Removing peci.o(i.PECIIntDisable), (10 bytes).
    Removing peci.o(i.PECIIntEnable), (22 bytes).
    Removing peci.o(i.PECIIntRegister), (18 bytes).
    Removing peci.o(i.PECIIntStatus), (14 bytes).
    Removing peci.o(i.PECIIntUnregister), (18 bytes).
    Removing pwm.o(i.PWMDeadBandDisable), (12 bytes).
    Removing pwm.o(i.PWMDeadBandEnable), (16 bytes).
    Removing pwm.o(i.PWMFaultIntClear), (8 bytes).
    Removing pwm.o(i.PWMFaultIntClearExt), (4 bytes).
    Removing pwm.o(i.PWMFaultIntGet), (20 bytes).
    Removing pwm.o(i.PWMFaultIntRegister), (26 bytes).
    Removing pwm.o(i.PWMFaultIntUnregister), (22 bytes).
    Removing pwm.o(i.PWMGenConfigure), (44 bytes).
    Removing pwm.o(i.PWMGenDisable), (10 bytes).
    Removing pwm.o(i.PWMGenEnable), (10 bytes).
    Removing pwm.o(i.PWMGenFaultClear), (18 bytes).
    Removing pwm.o(i.PWMGenFaultConfigure), (16 bytes).
    Removing pwm.o(i.PWMGenFaultStatus), (18 bytes).
    Removing pwm.o(i.PWMGenFaultTriggerGet), (12 bytes).
    Removing pwm.o(i.PWMGenFaultTriggerSet), (12 bytes).
    Removing pwm.o(i.PWMGenIntClear), (6 bytes).
    Removing pwm.o(i.PWMGenIntGet), (88 bytes).
    Removing pwm.o(i.PWMGenIntRegister), (26 bytes).
    Removing pwm.o(i.PWMGenIntStatus), (14 bytes).
    Removing pwm.o(i.PWMGenIntTrigDisable), (10 bytes).
    Removing pwm.o(i.PWMGenIntTrigEnable), (10 bytes).
    Removing pwm.o(i.PWMGenIntUnregister), (22 bytes).
    Removing pwm.o(i.PWMGenPeriodGet), (18 bytes).
    Removing pwm.o(i.PWMGenPeriodSet), (20 bytes).
    Removing pwm.o(i.PWMIntDisable), (8 bytes).
    Removing pwm.o(i.PWMIntEnable), (8 bytes).
    Removing pwm.o(i.PWMIntStatus), (12 bytes).
    Removing pwm.o(i.PWMOutputFault), (16 bytes).
    Removing pwm.o(i.PWMOutputFaultLevel), (16 bytes).
    Removing pwm.o(i.PWMOutputInvert), (16 bytes).
    Removing pwm.o(i.PWMOutputState), (16 bytes).
    Removing pwm.o(i.PWMPulseWidthGet), (32 bytes).
    Removing pwm.o(i.PWMPulseWidthSet), (30 bytes).
    Removing pwm.o(i.PWMSyncTimeBase), (4 bytes).
    Removing pwm.o(i.PWMSyncUpdate), (4 bytes).
    Removing qei.o(i.QEIConfigure), (14 bytes).
    Removing qei.o(i.QEIDirectionGet), (16 bytes).
    Removing qei.o(i.QEIDisable), (10 bytes).
    Removing qei.o(i.QEIEnable), (10 bytes).
    Removing qei.o(i.QEIErrorGet), (8 bytes).
    Removing qei.o(i.QEIIntClear), (4 bytes).
    Removing qei.o(i.QEIIntDisable), (8 bytes).
    Removing qei.o(i.QEIIntEnable), (8 bytes).
    Removing qei.o(i.QEIIntRegister), (36 bytes).
    Removing qei.o(i.QEIIntStatus), (10 bytes).
    Removing qei.o(i.QEIIntUnregister), (36 bytes).
    Removing qei.o(i.QEIPositionGet), (4 bytes).
    Removing qei.o(i.QEIPositionSet), (4 bytes).
    Removing qei.o(i.QEIVelocityConfigure), (16 bytes).
    Removing qei.o(i.QEIVelocityDisable), (10 bytes).
    Removing qei.o(i.QEIVelocityEnable), (10 bytes).
    Removing qei.o(i.QEIVelocityGet), (4 bytes).
    Removing ssi.o(i.SSIBusy), (8 bytes).
    Removing ssi.o(i.SSIClockSourceGet), (6 bytes).
    Removing ssi.o(i.SSIClockSourceSet), (6 bytes).
    Removing ssi.o(i.SSIConfigSetExpClk), (66 bytes).
    Removing ssi.o(i.SSIDMADisable), (8 bytes).
    Removing ssi.o(i.SSIDMAEnable), (8 bytes).
    Removing ssi.o(i.SSIDataGet), (12 bytes).
    Removing ssi.o(i.SSIDataGetNonBlocking), (18 bytes).
    Removing ssi.o(i.SSIDataPut), (10 bytes).
    Removing ssi.o(i.SSIDataPutNonBlocking), (16 bytes).
    Removing ssi.o(i.SSIDisable), (10 bytes).
    Removing ssi.o(i.SSIEnable), (10 bytes).
    Removing ssi.o(i.SSIIntClear), (4 bytes).
    Removing ssi.o(i.SSIIntDisable), (8 bytes).
    Removing ssi.o(i.SSIIntEnable), (8 bytes).
    Removing ssi.o(i.SSIIntNumberGet), (36 bytes).
    Removing ssi.o(i.SSIIntRegister), (26 bytes).
    Removing ssi.o(i.SSIIntStatus), (10 bytes).
    Removing ssi.o(i.SSIIntUnregister), (22 bytes).
    Removing ssi.o(.constdata), (32 bytes).
    Removing sysctl.o(i.SysCtlADCSpeedGet), (16 bytes).
    Removing sysctl.o(i.SysCtlADCSpeedSet), (28 bytes).
    Removing sysctl.o(i.SysCtlBrownOutConfigSet), (16 bytes).
    Removing sysctl.o(i.SysCtlClkVerificationClear), (16 bytes).
    Removing sysctl.o(i.SysCtlClockGet), (484 bytes).
    Removing sysctl.o(i.SysCtlDeepSleep), (32 bytes).
    Removing sysctl.o(i.SysCtlDeepSleepClockSet), (12 bytes).
    Removing sysctl.o(i.SysCtlFlashSizeGet), (20 bytes).
    Removing sysctl.o(i.SysCtlGPIOAHBDisable), (16 bytes).
    Removing sysctl.o(i.SysCtlGPIOAHBEnable), (16 bytes).
    Removing sysctl.o(i.SysCtlI2SMClkSet), (204 bytes).
    Removing sysctl.o(i.SysCtlIOSCVerificationSet), (28 bytes).
    Removing sysctl.o(i.SysCtlIntClear), (12 bytes).
    Removing sysctl.o(i.SysCtlIntDisable), (16 bytes).
    Removing sysctl.o(i.SysCtlIntEnable), (16 bytes).
    Removing sysctl.o(i.SysCtlIntRegister), (20 bytes).
    Removing sysctl.o(i.SysCtlIntStatus), (16 bytes).
    Removing sysctl.o(i.SysCtlIntUnregister), (18 bytes).
    Removing sysctl.o(i.SysCtlLDOConfigSet), (12 bytes).
    Removing sysctl.o(i.SysCtlLDOGet), (12 bytes).
    Removing sysctl.o(i.SysCtlLDOSet), (12 bytes).
    Removing sysctl.o(i.SysCtlMOSCConfigSet), (12 bytes).
    Removing sysctl.o(i.SysCtlMOSCVerificationSet), (28 bytes).
    Removing sysctl.o(i.SysCtlPIOSCCalibrate), (72 bytes).
    Removing sysctl.o(i.SysCtlPLLVerificationSet), (28 bytes).
    Removing sysctl.o(i.SysCtlPWMClockGet), (24 bytes).
    Removing sysctl.o(i.SysCtlPWMClockSet), (20 bytes).
    Removing sysctl.o(i.SysCtlPeripheralClockGating), (28 bytes).
    Removing sysctl.o(i.SysCtlPeripheralDeepSleepDisable), (76 bytes).
    Removing sysctl.o(i.SysCtlPeripheralDeepSleepEnable), (76 bytes).
    Removing sysctl.o(i.SysCtlPeripheralDisable), (76 bytes).
    Removing sysctl.o(i.SysCtlPeripheralMapToNew), (32 bytes).
    Removing sysctl.o(i.SysCtlPeripheralPowerOff), (48 bytes).
    Removing sysctl.o(i.SysCtlPeripheralPowerOn), (48 bytes).
    Removing sysctl.o(i.SysCtlPeripheralPresent), (108 bytes).
    Removing sysctl.o(i.SysCtlPeripheralReady), (48 bytes).
    Removing sysctl.o(i.SysCtlPeripheralReset), (116 bytes).
    Removing sysctl.o(i.SysCtlPeripheralSleepDisable), (76 bytes).
    Removing sysctl.o(i.SysCtlPeripheralSleepEnable), (76 bytes).
    Removing sysctl.o(i.SysCtlPinPresent), (20 bytes).
    Removing sysctl.o(i.SysCtlReset), (16 bytes).
    Removing sysctl.o(i.SysCtlResetCauseClear), (16 bytes).
    Removing sysctl.o(i.SysCtlResetCauseGet), (12 bytes).
    Removing sysctl.o(i.SysCtlSRAMSizeGet), (24 bytes).
    Removing sysctl.o(i.SysCtlSleep), (4 bytes).
    Removing sysctl.o(i.SysCtlUSBPLLDisable), (16 bytes).
    Removing sysctl.o(i.SysCtlUSBPLLEnable), (16 bytes).
    Removing sysctl.o(.data), (4 bytes).
    Removing sysctl.o(.data), (4 bytes).
    Removing sysctl.o(.data), (4 bytes).
    Removing sysctl.o(.data), (1 bytes).
    Removing sysexc.o(i.SysExcIntClear), (12 bytes).
    Removing sysexc.o(i.SysExcIntDisable), (16 bytes).
    Removing sysexc.o(i.SysExcIntEnable), (16 bytes).
    Removing sysexc.o(i.SysExcIntRegister), (20 bytes).
    Removing sysexc.o(i.SysExcIntStatus), (16 bytes).
    Removing sysexc.o(i.SysExcIntUnregister), (18 bytes).
    Removing systick.o(i.SysTickDisable), (14 bytes).
    Removing systick.o(i.SysTickEnable), (14 bytes).
    Removing systick.o(i.SysTickIntDisable), (14 bytes).
    Removing systick.o(i.SysTickIntEnable), (14 bytes).
    Removing systick.o(i.SysTickIntRegister), (24 bytes).
    Removing systick.o(i.SysTickIntUnregister), (18 bytes).
    Removing systick.o(i.SysTickPeriodGet), (10 bytes).
    Removing systick.o(i.SysTickPeriodSet), (10 bytes).
    Removing systick.o(i.SysTickValueGet), (8 bytes).
    Removing timer.o(i.TimerConfigure), (34 bytes).
    Removing timer.o(i.TimerControlEvent), (18 bytes).
    Removing timer.o(i.TimerControlLevel), (22 bytes).
    Removing timer.o(i.TimerControlStall), (22 bytes).
    Removing timer.o(i.TimerControlTrigger), (22 bytes).
    Removing timer.o(i.TimerControlWaitOnTrigger), (46 bytes).
    Removing timer.o(i.TimerDisable), (14 bytes).
    Removing timer.o(i.TimerEnable), (14 bytes).
    Removing timer.o(i.TimerIntClear), (4 bytes).
    Removing timer.o(i.TimerIntDisable), (8 bytes).
    Removing timer.o(i.TimerIntEnable), (8 bytes).
    Removing timer.o(i.TimerIntNumberGet), (36 bytes).
    Removing timer.o(i.TimerIntRegister), (58 bytes).
    Removing timer.o(i.TimerIntStatus), (10 bytes).
    Removing timer.o(i.TimerIntUnregister), (52 bytes).
    Removing timer.o(i.TimerLoadGet), (12 bytes).
    Removing timer.o(i.TimerLoadGet64), (14 bytes).
    Removing timer.o(i.TimerLoadSet), (18 bytes).
    Removing timer.o(i.TimerLoadSet64), (6 bytes).
    Removing timer.o(i.TimerMatchGet), (12 bytes).
    Removing timer.o(i.TimerMatchGet64), (14 bytes).
    Removing timer.o(i.TimerMatchSet), (18 bytes).
    Removing timer.o(i.TimerMatchSet64), (6 bytes).
    Removing timer.o(i.TimerPrescaleGet), (12 bytes).
    Removing timer.o(i.TimerPrescaleMatchGet), (12 bytes).
    Removing timer.o(i.TimerPrescaleMatchSet), (18 bytes).
    Removing timer.o(i.TimerPrescaleSet), (18 bytes).
    Removing timer.o(i.TimerQuiesce), (58 bytes).
    Removing timer.o(i.TimerRTCDisable), (10 bytes).
    Removing timer.o(i.TimerRTCEnable), (10 bytes).
    Removing timer.o(i.TimerSynchronize), (4 bytes).
    Removing timer.o(i.TimerValueGet), (12 bytes).
    Removing timer.o(i.TimerValueGet64), (14 bytes).
    Removing timer.o(.constdata), (96 bytes).
    Removing uart.o(i.UART9BitAddrSend), (34 bytes).
    Removing uart.o(i.UART9BitAddrSet), (8 bytes).
    Removing uart.o(i.UART9BitDisable), (12 bytes).
    Removing uart.o(i.UART9BitEnable), (12 bytes).
    Removing uart.o(i.UARTBreakCtl), (20 bytes).
    Removing uart.o(i.UARTBusy), (8 bytes).
    Removing uart.o(i.UARTCharGet), (10 bytes).
    Removing uart.o(i.UARTCharGetNonBlocking), (16 bytes).
    Removing uart.o(i.UARTCharPut), (10 bytes).
    Removing uart.o(i.UARTCharPutNonBlocking), (16 bytes).
    Removing uart.o(i.UARTCharsAvail), (10 bytes).
    Removing uart.o(i.UARTClockSourceGet), (6 bytes).
    Removing uart.o(i.UARTClockSourceSet), (6 bytes).
    Removing uart.o(i.UARTConfigGetExpClk), (40 bytes).
    Removing uart.o(i.UARTConfigSetExpClk), (72 bytes).
    Removing uart.o(i.UARTDMADisable), (8 bytes).
    Removing uart.o(i.UARTDMAEnable), (8 bytes).
    Removing uart.o(i.UARTDisable), (26 bytes).
    Removing uart.o(i.UARTDisableSIR), (10 bytes).
    Removing uart.o(i.UARTEnable), (20 bytes).
    Removing uart.o(i.UARTEnableSIR), (20 bytes).
    Removing uart.o(i.UARTFIFODisable), (10 bytes).
    Removing uart.o(i.UARTFIFOEnable), (10 bytes).
    Removing uart.o(i.UARTFIFOLevelGet), (16 bytes).
    Removing uart.o(i.UARTFIFOLevelSet), (6 bytes).
    Removing uart.o(i.UARTFlowControlGet), (8 bytes).
    Removing uart.o(i.UARTFlowControlSet), (12 bytes).
    Removing uart.o(i.UARTIntClear), (4 bytes).
    Removing uart.o(i.UARTIntDisable), (8 bytes).
    Removing uart.o(i.UARTIntEnable), (8 bytes).
    Removing uart.o(i.UARTIntNumberGet), (36 bytes).
    Removing uart.o(i.UARTIntRegister), (26 bytes).
    Removing uart.o(i.UARTIntStatus), (10 bytes).
    Removing uart.o(i.UARTIntUnregister), (22 bytes).
    Removing uart.o(i.UARTModemControlClear), (12 bytes).
    Removing uart.o(i.UARTModemControlGet), (8 bytes).
    Removing uart.o(i.UARTModemControlSet), (12 bytes).
    Removing uart.o(i.UARTModemStatusGet), (10 bytes).
    Removing uart.o(i.UARTParityModeGet), (8 bytes).
    Removing uart.o(i.UARTParityModeSet), (12 bytes).
    Removing uart.o(i.UARTRxErrorClear), (6 bytes).
    Removing uart.o(i.UARTRxErrorGet), (8 bytes).
    Removing uart.o(i.UARTSmartCardDisable), (10 bytes).
    Removing uart.o(i.UARTSmartCardEnable), (22 bytes).
    Removing uart.o(i.UARTSpaceAvail), (10 bytes).
    Removing uart.o(i.UARTTxIntModeGet), (8 bytes).
    Removing uart.o(i.UARTTxIntModeSet), (12 bytes).
    Removing uart.o(.constdata), (64 bytes).
    Removing udma.o(i.uDMAChannelAssign), (40 bytes).
    Removing udma.o(i.uDMAChannelAttributeDisable), (56 bytes).
    Removing udma.o(i.uDMAChannelAttributeEnable), (56 bytes).
    Removing udma.o(i.uDMAChannelAttributeGet), (60 bytes).
    Removing udma.o(i.uDMAChannelControlSet), (32 bytes).
    Removing udma.o(i.uDMAChannelDisable), (20 bytes).
    Removing udma.o(i.uDMAChannelEnable), (20 bytes).
    Removing udma.o(i.uDMAChannelIsEnabled), (28 bytes).
    Removing udma.o(i.uDMAChannelModeGet), (44 bytes).
    Removing udma.o(i.uDMAChannelRequest), (20 bytes).
    Removing udma.o(i.uDMAChannelScatterGatherSet), (64 bytes).
    Removing udma.o(i.uDMAChannelSelectDefault), (16 bytes).
    Removing udma.o(i.uDMAChannelSelectSecondary), (16 bytes).
    Removing udma.o(i.uDMAChannelSizeGet), (32 bytes).
    Removing udma.o(i.uDMAChannelTransferSet), (132 bytes).
    Removing udma.o(i.uDMAControlAlternateBaseGet), (12 bytes).
    Removing udma.o(i.uDMAControlBaseGet), (12 bytes).
    Removing udma.o(i.uDMAControlBaseSet), (12 bytes).
    Removing udma.o(i.uDMADisable), (12 bytes).
    Removing udma.o(i.uDMAEnable), (12 bytes).
    Removing udma.o(i.uDMAErrorStatusClear), (12 bytes).
    Removing udma.o(i.uDMAErrorStatusGet), (12 bytes).
    Removing udma.o(i.uDMAIntClear), (12 bytes).
    Removing udma.o(i.uDMAIntRegister), (18 bytes).
    Removing udma.o(i.uDMAIntStatus), (12 bytes).
    Removing udma.o(i.uDMAIntUnregister), (18 bytes).
    Removing usb.o(i.USBDevAddrGet), (4 bytes).
    Removing usb.o(i.USBDevAddrSet), (4 bytes).
    Removing usb.o(i.USBDevConnect), (10 bytes).
    Removing usb.o(i.USBDevDisconnect), (10 bytes).
    Removing usb.o(i.USBDevEndpointConfigGet), (114 bytes).
    Removing usb.o(i.USBDevEndpointConfigSet), (114 bytes).
    Removing usb.o(i.USBDevEndpointDataAck), (36 bytes).
    Removing usb.o(i.USBDevEndpointStall), (48 bytes).
    Removing usb.o(i.USBDevEndpointStallClear), (66 bytes).
    Removing usb.o(i.USBDevEndpointStatusClear), (88 bytes).
    Removing usb.o(i.USBDevMode), (8 bytes).
    Removing usb.o(i.USBEndpointDMAChannel), (28 bytes).
    Removing usb.o(i.USBEndpointDMADisable), (34 bytes).
    Removing usb.o(i.USBEndpointDMAEnable), (34 bytes).
    Removing usb.o(i.USBEndpointDataAvail), (30 bytes).
    Removing usb.o(i.USBEndpointDataGet), (66 bytes).
    Removing usb.o(i.USBEndpointDataPut), (48 bytes).
    Removing usb.o(i.USBEndpointDataSend), (48 bytes).
    Removing usb.o(i.USBEndpointDataToggleClear), (34 bytes).
    Removing usb.o(i.USBEndpointStatus), (16 bytes).
    Removing usb.o(i.USBFIFOAddrGet), (8 bytes).
    Removing usb.o(i.USBFIFOConfigGet), (76 bytes).
    Removing usb.o(i.USBFIFOConfigSet), (74 bytes).
    Removing usb.o(i.USBFIFOFlush), (68 bytes).
    Removing usb.o(i.USBFrameNumberGet), (4 bytes).
    Removing usb.o(i.USBHostAddrGet), (20 bytes).
    Removing usb.o(i.USBHostAddrSet), (22 bytes).
    Removing usb.o(i.USBHostEndpointConfig), (176 bytes).
    Removing usb.o(i.USBHostEndpointDataAck), (32 bytes).
    Removing usb.o(i.USBHostEndpointDataToggle), (88 bytes).
    Removing usb.o(i.USBHostEndpointStatusClear), (36 bytes).
    Removing usb.o(i.USBHostHubAddrGet), (20 bytes).
    Removing usb.o(i.USBHostHubAddrSet), (42 bytes).
    Removing usb.o(i.USBHostMode), (8 bytes).
    Removing usb.o(i.USBHostPwrConfig), (26 bytes).
    Removing usb.o(i.USBHostPwrDisable), (16 bytes).
    Removing usb.o(i.USBHostPwrEnable), (16 bytes).
    Removing usb.o(i.USBHostPwrFaultDisable), (16 bytes).
    Removing usb.o(i.USBHostPwrFaultEnable), (16 bytes).
    Removing usb.o(i.USBHostRequestIN), (18 bytes).
    Removing usb.o(i.USBHostRequestINClear), (22 bytes).
    Removing usb.o(i.USBHostRequestStatus), (8 bytes).
    Removing usb.o(i.USBHostReset), (20 bytes).
    Removing usb.o(i.USBHostResume), (20 bytes).
    Removing usb.o(i.USBHostSpeedGet), (30 bytes).
    Removing usb.o(i.USBHostSuspend), (10 bytes).
    Removing usb.o(i.USBIndexRead), (24 bytes).
    Removing usb.o(i.USBIndexWrite), (22 bytes).
    Removing usb.o(i.USBIntDisable), (72 bytes).
    Removing usb.o(i.USBIntDisableControl), (40 bytes).
    Removing usb.o(i.USBIntDisableEndpoint), (22 bytes).
    Removing usb.o(i.USBIntEnable), (72 bytes).
    Removing usb.o(i.USBIntEnableControl), (40 bytes).
    Removing usb.o(i.USBIntEnableEndpoint), (22 bytes).
    Removing usb.o(i.USBIntRegister), (18 bytes).
    Removing usb.o(i.USBIntStatus), (68 bytes).
    Removing usb.o(i.USBIntStatusControl), (56 bytes).
    Removing usb.o(i.USBIntStatusEndpoint), (10 bytes).
    Removing usb.o(i.USBIntUnregister), (18 bytes).
    Removing usb.o(i.USBModeGet), (10 bytes).
    Removing usb.o(i.USBNumEndpointsGet), (116 bytes).
    Removing usb.o(i.USBOTGMode), (8 bytes).
    Removing usb.o(i.USBOTGSessionRequest), (22 bytes).
    Removing usb.o(i.USBPHYPowerOff), (10 bytes).
    Removing usb.o(i.USBPHYPowerOn), (10 bytes).
    Removing watchdog.o(i.WatchdogEnable), (10 bytes).
    Removing watchdog.o(i.WatchdogIntClear), (6 bytes).
    Removing watchdog.o(i.WatchdogIntEnable), (10 bytes).
    Removing watchdog.o(i.WatchdogIntRegister), (18 bytes).
    Removing watchdog.o(i.WatchdogIntStatus), (10 bytes).
    Removing watchdog.o(i.WatchdogIntTypeSet), (12 bytes).
    Removing watchdog.o(i.WatchdogIntUnregister), (18 bytes).
    Removing watchdog.o(i.WatchdogLock), (8 bytes).
    Removing watchdog.o(i.WatchdogLockState), (12 bytes).
    Removing watchdog.o(i.WatchdogReloadGet), (4 bytes).
    Removing watchdog.o(i.WatchdogReloadSet), (4 bytes).
    Removing watchdog.o(i.WatchdogResetDisable), (10 bytes).
    Removing watchdog.o(i.WatchdogResetEnable), (10 bytes).
    Removing watchdog.o(i.WatchdogRunning), (8 bytes).
    Removing watchdog.o(i.WatchdogStallDisable), (16 bytes).
    Removing watchdog.o(i.WatchdogStallEnable), (16 bytes).
    Removing watchdog.o(i.WatchdogUnlock), (12 bytes).
    Removing watchdog.o(i.WatchdogValueGet), (4 bytes).
    Removing uartstdio.o(i.UARTStdioConfig), (92 bytes).
    Removing uartstdio.o(i.UARTStdioInit), (30 bytes).
    Removing uartstdio.o(i.UARTStdioInitExpClk), (30 bytes).
    Removing uartstdio.o(i.UARTgetc), (24 bytes).
    Removing uartstdio.o(i.UARTgets), (128 bytes).
    Removing uartstdio.o(i.UARTprintf), (452 bytes).
    Removing uartstdio.o(i.UARTwrite), (60 bytes).
    Removing uartstdio.o(.constdata), (28 bytes).
    Removing uartstdio.o(.conststring), (17 bytes).
    Removing uartstdio.o(.data), (8 bytes).
    Removing buttons.o(i.ButtonsInit), (100 bytes).
    Removing buttons.o(i.ButtonsPoll), (88 bytes).
    Removing buttons.o(.data), (3 bytes).
    Removing rgb.o(i.RGBColorGet), (24 bytes).
    Removing rgb.o(i.RGBColorSet), (132 bytes).
    Removing rgb.o(i.RGBDisable), (76 bytes).
    Removing rgb.o(i.RGBEnable), (140 bytes).
    Removing rgb.o(i.RGBInit), (132 bytes).
    Removing rgb.o(i.RGBIntensitySet), (20 bytes).
    Removing rgb.o(i.RGBSet), (30 bytes).
    Removing rgb.o(.bss), (12 bytes).
    Removing rgb.o(.data), (4 bytes).

769 unused section(s) (total 22774 bytes) removed from the image.

==============================================================================

Image Symbol Table

    Local Symbols

    Symbol Name                              Value     Ov Type        Size  Object(Section)

    RESET                                    0x00000000   Section      620  startup_tm4c123.o(RESET)
    ../clib/angel/boardlib.s                 0x00000000   Number         0  boardinit2.o ABSOLUTE
    ../clib/angel/boardlib.s                 0x00000000   Number         0  boardinit3.o ABSOLUTE
    ../clib/angel/boardlib.s                 0x00000000   Number         0  boardinit1.o ABSOLUTE
    ../clib/angel/boardlib.s                 0x00000000   Number         0  boardshut.o ABSOLUTE
    ../clib/angel/handlers.s                 0x00000000   Number         0  __scatter_zi.o ABSOLUTE
    ../clib/angel/kernel.s                   0x00000000   Number         0  rtentry4.o ABSOLUTE
    ../clib/angel/kernel.s                   0x00000000   Number         0  rtexit.o ABSOLUTE
    ../clib/angel/kernel.s                   0x00000000   Number         0  rtentry2.o ABSOLUTE
    ../clib/angel/kernel.s                   0x00000000   Number         0  rtexit2.o ABSOLUTE
    ../clib/angel/kernel.s                   0x00000000   Number         0  rtentry.o ABSOLUTE
    ../clib/angel/rt.s                       0x00000000   Number         0  rt_raise.o ABSOLUTE
    ../clib/angel/scatter.s                  0x00000000   Number         0  __scatter.o ABSOLUTE
    ../clib/angel/startup.s                  0x00000000   Number         0  __main.o ABSOLUTE
    ../clib/angel/sys.s                      0x00000000   Number         0  sys_stackheap_outer.o ABSOLUTE
    ../clib/angel/sys.s                      0x00000000   Number         0  use_no_semi.o ABSOLUTE
    ../clib/angel/sys.s                      0x00000000   Number         0  libspace.o ABSOLUTE
    ../clib/angel/sys.s                      0x00000000   Number         0  indicate_semi.o ABSOLUTE
    ../clib/angel/sysapp.c                   0x00000000   Number         0  sys_wrch.o ABSOLUTE
    ../clib/angel/sysapp.c                   0x00000000   Number         0  sys_command.o ABSOLUTE
    ../clib/angel/sysapp.c                   0x00000000   Number         0  sys_exit.o ABSOLUTE
    ../clib/armsys.c                         0x00000000   Number         0  argv_veneer.o ABSOLUTE
    ../clib/armsys.c                         0x00000000   Number         0  no_argv.o ABSOLUTE
    ../clib/armsys.c                         0x00000000   Number         0  _get_argv_nomalloc.o ABSOLUTE
    ../clib/armsys.c                         0x00000000   Number         0  argv_veneer.o ABSOLUTE
    ../clib/heapalloc.c                      0x00000000   Number         0  hrguard.o ABSOLUTE
    ../clib/heapaux.c                        0x00000000   Number         0  heapauxi.o ABSOLUTE
    ../clib/libinit.s                        0x00000000   Number         0  libinit2.o ABSOLUTE
    ../clib/libinit.s                        0x00000000   Number         0  libshutdown2.o ABSOLUTE
    ../clib/libinit.s                        0x00000000   Number         0  libshutdown.o ABSOLUTE
    ../clib/libinit.s                        0x00000000   Number         0  libinit.o ABSOLUTE
    ../clib/signal.c                         0x00000000   Number         0  defsig_rtmem_inner.o ABSOLUTE
    ../clib/signal.c                         0x00000000   Number         0  defsig_rtmem_formal.o ABSOLUTE
    ../clib/signal.c                         0x00000000   Number         0  __raise.o ABSOLUTE
    ../clib/signal.c                         0x00000000   Number         0  defsig_general.o ABSOLUTE
    ../clib/signal.c                         0x00000000   Number         0  defsig_exit.o ABSOLUTE
    ../clib/signal.c                         0x00000000   Number         0  defsig_abrt_inner.o ABSOLUTE
    ../clib/signal.c                         0x00000000   Number         0  defsig_fpe_inner.o ABSOLUTE
    ../clib/signal.c                         0x00000000   Number         0  defsig_rtred_inner.o ABSOLUTE
    ../clib/signal.c                         0x00000000   Number         0  defsig_pvfn_inner.o ABSOLUTE
    ../clib/signal.c                         0x00000000   Number         0  defsig_cppl_inner.o ABSOLUTE
    ../clib/signal.c                         0x00000000   Number         0  defsig_segv_inner.o ABSOLUTE
    ../clib/signal.c                         0x00000000   Number         0  defsig_other.o ABSOLUTE
    ../clib/signal.c                         0x00000000   Number         0  defsig_stak_inner.o ABSOLUTE
    ../clib/signal.c                         0x00000000   Number         0  defsig_rtmem_outer.o ABSOLUTE
    ../clib/signal.s                         0x00000000   Number         0  defsig.o ABSOLUTE
    ../clib/stdlib.c                         0x00000000   Number         0  exit.o ABSOLUTE
    ../fplib/fpinit.s                        0x00000000   Number         0  fpinit.o ABSOLUTE
    C:\Keil\ARM\Startup\TI\TM4C123\system_TM4C123.c 0x00000000   Number         0  system_tm4c123.o ABSOLUTE
    C:\StellarisWare\driverlib\adc.c         0x00000000   Number         0  adc.o ABSOLUTE
    C:\StellarisWare\driverlib\can.c         0x00000000   Number         0  can.o ABSOLUTE
    C:\StellarisWare\driverlib\comp.c        0x00000000   Number         0  comp.o ABSOLUTE
    C:\StellarisWare\driverlib\cpu.c         0x00000000   Number         0  cpu.o ABSOLUTE
    C:\StellarisWare\driverlib\eeprom.c      0x00000000   Number         0  eeprom.o ABSOLUTE
    C:\StellarisWare\driverlib\epi.c         0x00000000   Number         0  epi.o ABSOLUTE
    C:\StellarisWare\driverlib\ethernet.c    0x00000000   Number         0  ethernet.o ABSOLUTE
    C:\StellarisWare\driverlib\fan.c         0x00000000   Number         0  fan.o ABSOLUTE
    C:\StellarisWare\driverlib\flash.c       0x00000000   Number         0  flash.o ABSOLUTE
    C:\StellarisWare\driverlib\fpu.c         0x00000000   Number         0  fpu.o ABSOLUTE
    C:\StellarisWare\driverlib\gpio.c        0x00000000   Number         0  gpio.o ABSOLUTE
    C:\StellarisWare\driverlib\hibernate.c   0x00000000   Number         0  hibernate.o ABSOLUTE
    C:\StellarisWare\driverlib\i2c.c         0x00000000   Number         0  i2c.o ABSOLUTE
    C:\StellarisWare\driverlib\i2s.c         0x00000000   Number         0  i2s.o ABSOLUTE
    C:\StellarisWare\driverlib\interrupt.c   0x00000000   Number         0  interrupt.o ABSOLUTE
    C:\StellarisWare\driverlib\lpc.c         0x00000000   Number         0  lpc.o ABSOLUTE
    C:\StellarisWare\driverlib\mpu.c         0x00000000   Number         0  mpu.o ABSOLUTE
    C:\StellarisWare\driverlib\peci.c        0x00000000   Number         0  peci.o ABSOLUTE
    C:\StellarisWare\driverlib\pwm.c         0x00000000   Number         0  pwm.o ABSOLUTE
    C:\StellarisWare\driverlib\qei.c         0x00000000   Number         0  qei.o ABSOLUTE
    C:\StellarisWare\driverlib\ssi.c         0x00000000   Number         0  ssi.o ABSOLUTE
    C:\StellarisWare\driverlib\sysctl.c      0x00000000   Number         0  sysctl.o ABSOLUTE
    C:\StellarisWare\driverlib\sysexc.c      0x00000000   Number         0  sysexc.o ABSOLUTE
    C:\StellarisWare\driverlib\systick.c     0x00000000   Number         0  systick.o ABSOLUTE
    C:\StellarisWare\driverlib\timer.c       0x00000000   Number         0  timer.o ABSOLUTE
    C:\StellarisWare\driverlib\uart.c        0x00000000   Number         0  uart.o ABSOLUTE
    C:\StellarisWare\driverlib\udma.c        0x00000000   Number         0  udma.o ABSOLUTE
    C:\StellarisWare\driverlib\usb.c         0x00000000   Number         0  usb.o ABSOLUTE
    C:\StellarisWare\driverlib\watchdog.c    0x00000000   Number         0  watchdog.o ABSOLUTE
    C:\StellarisWare\utils\uartstdio.c       0x00000000   Number         0  uartstdio.o ABSOLUTE
    C:\\Keil\\ARM\\Startup\\TI\\TM4C123\\system_TM4C123.c 0x00000000   Number         0  system_tm4c123.o ABSOLUTE
    C:\\StellarisWare\\driverlib\\cpu.c      0x00000000   Number         0  cpu.o ABSOLUTE
    C:\\StellarisWare\\driverlib\\sysctl.c   0x00000000   Number         0  sysctl.o ABSOLUTE
    dc.s                                     0x00000000   Number         0  dc.o ABSOLUTE
    drivers\buttons.c                        0x00000000   Number         0  buttons.o ABSOLUTE
    drivers\rgb.c                            0x00000000   Number         0  rgb.o ABSOLUTE
    main.cpp                                 0x00000000   Number         0  main.o ABSOLUTE
    startup_TM4C123.s                        0x00000000   Number         0  startup_tm4c123.o ABSOLUTE
    !!!main                                  0x0000026c   Section        8  __main.o(!!!main)
    !!!scatter                               0x00000274   Section       52  __scatter.o(!!!scatter)
    !!handler_zi                             0x000002a8   Section       28  __scatter_zi.o(!!handler_zi)
    .ARM.Collect$$libinit$$00000000          0x000002c4   Section        2  libinit.o(.ARM.Collect$$libinit$$00000000)
    .ARM.Collect$$libinit$$00000001          0x000002c6   Section        4  libinit2.o(.ARM.Collect$$libinit$$00000001)
    .ARM.Collect$$libinit$$00000008          0x000002ca   Section        0  libinit2.o(.ARM.Collect$$libinit$$00000008)
    .ARM.Collect$$libinit$$0000000A          0x000002ca   Section        0  libinit2.o(.ARM.Collect$$libinit$$0000000A)
    .ARM.Collect$$libinit$$0000000C          0x000002ca   Section        0  libinit2.o(.ARM.Collect$$libinit$$0000000C)
    .ARM.Collect$$libinit$$0000000F          0x000002ca   Section        0  libinit2.o(.ARM.Collect$$libinit$$0000000F)
    .ARM.Collect$$libinit$$00000011          0x000002ca   Section        0  libinit2.o(.ARM.Collect$$libinit$$00000011)
    .ARM.Collect$$libinit$$00000013          0x000002ca   Section        0  libinit2.o(.ARM.Collect$$libinit$$00000013)
    .ARM.Collect$$libinit$$00000015          0x000002ca   Section        0  libinit2.o(.ARM.Collect$$libinit$$00000015)
    .ARM.Collect$$libinit$$00000017          0x000002ca   Section        0  libinit2.o(.ARM.Collect$$libinit$$00000017)
    .ARM.Collect$$libinit$$00000019          0x000002ca   Section        0  libinit2.o(.ARM.Collect$$libinit$$00000019)
    .ARM.Collect$$libinit$$0000001B          0x000002ca   Section        0  libinit2.o(.ARM.Collect$$libinit$$0000001B)
    .ARM.Collect$$libinit$$0000001D          0x000002ca   Section        0  libinit2.o(.ARM.Collect$$libinit$$0000001D)
    .ARM.Collect$$libinit$$0000001F          0x000002ca   Section        0  libinit2.o(.ARM.Collect$$libinit$$0000001F)
    .ARM.Collect$$libinit$$00000021          0x000002ca   Section        0  libinit2.o(.ARM.Collect$$libinit$$00000021)
    .ARM.Collect$$libinit$$00000023          0x000002ca   Section        0  libinit2.o(.ARM.Collect$$libinit$$00000023)
    .ARM.Collect$$libinit$$0000002A          0x000002ca   Section        0  libinit2.o(.ARM.Collect$$libinit$$0000002A)
    .ARM.Collect$$libinit$$0000002C          0x000002ca   Section        0  libinit2.o(.ARM.Collect$$libinit$$0000002C)
    .ARM.Collect$$libinit$$0000002E          0x000002ca   Section        0  libinit2.o(.ARM.Collect$$libinit$$0000002E)
    .ARM.Collect$$libinit$$00000030          0x000002ca   Section        0  libinit2.o(.ARM.Collect$$libinit$$00000030)
    .ARM.Collect$$libinit$$00000031          0x000002ca   Section        2  libinit2.o(.ARM.Collect$$libinit$$00000031)
    .ARM.Collect$$libshutdown$$00000000      0x000002cc   Section        2  libshutdown.o(.ARM.Collect$$libshutdown$$00000000)
    .ARM.Collect$$libshutdown$$00000003      0x000002ce   Section        0  libshutdown2.o(.ARM.Collect$$libshutdown$$00000003)
    .ARM.Collect$$libshutdown$$00000006      0x000002ce   Section        0  libshutdown2.o(.ARM.Collect$$libshutdown$$00000006)
    .ARM.Collect$$libshutdown$$00000009      0x000002ce   Section        0  libshutdown2.o(.ARM.Collect$$libshutdown$$00000009)
    .ARM.Collect$$libshutdown$$0000000B      0x000002ce   Section        0  libshutdown2.o(.ARM.Collect$$libshutdown$$0000000B)
    .ARM.Collect$$libshutdown$$0000000E      0x000002ce   Section        0  libshutdown2.o(.ARM.Collect$$libshutdown$$0000000E)
    .ARM.Collect$$libshutdown$$0000000F      0x000002ce   Section        2  libshutdown2.o(.ARM.Collect$$libshutdown$$0000000F)
    .ARM.Collect$$rtentry$$00000000          0x000002d0   Section        0  rtentry.o(.ARM.Collect$$rtentry$$00000000)
    .ARM.Collect$$rtentry$$00000002          0x000002d0   Section        0  rtentry2.o(.ARM.Collect$$rtentry$$00000002)
    .ARM.Collect$$rtentry$$00000004          0x000002d0   Section        6  rtentry4.o(.ARM.Collect$$rtentry$$00000004)
    .ARM.Collect$$rtentry$$00000009          0x000002d6   Section        0  rtentry2.o(.ARM.Collect$$rtentry$$00000009)
    .ARM.Collect$$rtentry$$0000000A          0x000002d6   Section        4  rtentry2.o(.ARM.Collect$$rtentry$$0000000A)
    .ARM.Collect$$rtentry$$0000000C          0x000002da   Section        0  rtentry2.o(.ARM.Collect$$rtentry$$0000000C)
    .ARM.Collect$$rtentry$$0000000D          0x000002da   Section        8  rtentry2.o(.ARM.Collect$$rtentry$$0000000D)
    .ARM.Collect$$rtexit$$00000000           0x000002e2   Section        2  rtexit.o(.ARM.Collect$$rtexit$$00000000)
    .ARM.Collect$$rtexit$$00000002           0x000002e4   Section        0  rtexit2.o(.ARM.Collect$$rtexit$$00000002)
    .ARM.Collect$$rtexit$$00000003           0x000002e4   Section        4  rtexit2.o(.ARM.Collect$$rtexit$$00000003)
    .ARM.Collect$$rtexit$$00000004           0x000002e8   Section        6  rtexit2.o(.ARM.Collect$$rtexit$$00000004)
    .emb_text                                0x000002f0   Section        6  sysctl.o(.emb_text)
    $v0                                      0x000002f0   Number         0  sysctl.o(.emb_text)
    .text                                    0x000002f8   Section      276  startup_tm4c123.o(.text)
    $v0                                      0x000002f8   Number         0  startup_tm4c123.o(.text)
    .text                                    0x0000040c   Section        0  heapauxi.o(.text)
    .text                                    0x00000412   Section       74  sys_stackheap_outer.o(.text)
    .text                                    0x0000045c   Section        0  exit.o(.text)
    .text                                    0x00000468   Section        8  libspace.o(.text)
    .text                                    0x00000470   Section        0  sys_exit.o(.text)
    .text                                    0x0000047c   Section        2  use_no_semi.o(.text)
    .text                                    0x0000047e   Section        0  indicate_semi.o(.text)
    i.GPIODirModeSet                         0x0000047e   Section        0  gpio.o(i.GPIODirModeSet)
    i.GPIOPadConfigSet                       0x000004a4   Section        0  gpio.o(i.GPIOPadConfigSet)
    i.GPIOPinTypeGPIOOutput                  0x00000548   Section        0  gpio.o(i.GPIOPinTypeGPIOOutput)
    i.GPIOPinWrite                           0x00000564   Section        0  gpio.o(i.GPIOPinWrite)
    i.SysCtlClockSet                         0x0000056c   Section        0  sysctl.o(i.SysCtlClockSet)
    i.SysCtlPeripheralEnable                 0x000006a4   Section        0  sysctl.o(i.SysCtlPeripheralEnable)
    i.SystemInit                             0x000006f0   Section        0  system_tm4c123.o(i.SystemInit)
    i.main                                   0x00000774   Section        0  main.o(i.main)
    x$fpl$fpinit                             0x000007c0   Section       10  fpinit.o(x$fpl$fpinit)
    $v0                                      0x000007c0   Number         0  fpinit.o(x$fpl$fpinit)
    .constdata                               0x000007cc   Section      460  sysctl.o(.constdata)
    g_pulDCRegs                              0x000007cc   Data          16  sysctl.o(.constdata)
    g_pulSRCRRegs                            0x000007dc   Data          12  sysctl.o(.constdata)
    g_pulRCGCRegs                            0x000007e8   Data          12  sysctl.o(.constdata)
    g_pulSCGCRegs                            0x000007f4   Data          12  sysctl.o(.constdata)
    g_pulDCGCRegs                            0x00000800   Data          12  sysctl.o(.constdata)
    g_pulXtals                               0x0000080c   Data         108  sysctl.o(.constdata)
    g_ppulPeripheralMap                      0x00000878   Data         288  sysctl.o(.constdata)
    .bss                                     0x20000000   Section       96  libspace.o(.bss)
    HEAP                                     0x20000060   Section        0  startup_tm4c123.o(HEAP)
    STACK                                    0x20000060   Section      512  startup_tm4c123.o(STACK)
    Heap_Mem                                 0x20000060   Data           0  startup_tm4c123.o(HEAP)
    Stack_Mem                                0x20000060   Data         512  startup_tm4c123.o(STACK)
    __initial_sp                             0x20000260   Data           0  startup_tm4c123.o(STACK)

    Global Symbols

    Symbol Name                              Value     Ov Type        Size  Object(Section)

    BuildAttributes$$THM_ISAv4$E$P$D$K$B$S$7EM$VFPi3$EXTD16$VFPS$VFMA$PE$A:L22UL41UL21$X:L11$S22US41US21$IEEE1$IW$USESV6$~STKCKD$USESV7$~SHL$OSPACE$ROPI$EBA8$UX$STANDARDLIB$REQ8$PRES8$EABIv2 0x00000000   Number         0  anon$$obj.o ABSOLUTE
    __ARM_use_no_argv                        0x00000000   Number         0  main.o ABSOLUTE
    __Vectors                                0x00000000   Data           4  startup_tm4c123.o(RESET)
    __ARM_exceptions_init                     - Undefined Weak Reference
    __alloca_initialize                       - Undefined Weak Reference
    __cpp_initialize__aeabi_                  - Undefined Weak Reference
    __cxa_finalize                            - Undefined Weak Reference
    __rt_locale                               - Undefined Weak Reference
    __sigvec_lookup                           - Undefined Weak Reference
    _atexit_init                              - Undefined Weak Reference
    _call_atexit_fns                          - Undefined Weak Reference
    _clock_init                               - Undefined Weak Reference
    _fp_trap_init                             - Undefined Weak Reference
    _fp_trap_shutdown                         - Undefined Weak Reference
    _get_lc_collate                           - Undefined Weak Reference
    _get_lc_ctype                             - Undefined Weak Reference
    _get_lc_monetary                          - Undefined Weak Reference
    _get_lc_numeric                           - Undefined Weak Reference
    _get_lc_time                              - Undefined Weak Reference
    _getenv_init                              - Undefined Weak Reference
    _handle_redirection                       - Undefined Weak Reference
    _init_alloc                               - Undefined Weak Reference
    _init_user_alloc                          - Undefined Weak Reference
    _initio                                   - Undefined Weak Reference
    _rand_init                                - Undefined Weak Reference
    _signal_finish                            - Undefined Weak Reference
    _signal_init                              - Undefined Weak Reference
    _terminate_alloc                          - Undefined Weak Reference
    _terminate_user_alloc                     - Undefined Weak Reference
    _terminateio                              - Undefined Weak Reference
    __Vectors_End                            0x0000026c   Data           0  startup_tm4c123.o(RESET)
    __Vectors_Size                           0x0000026c   Number         0  startup_tm4c123.o ABSOLUTE
    __main                                   0x0000026d   Thumb Code     8  __main.o(!!!main)
    __scatterload                            0x00000275   Thumb Code     0  __scatter.o(!!!scatter)
    __scatterload_rt2                        0x00000275   Thumb Code    44  __scatter.o(!!!scatter)
    __scatterload_rt2_thumb_only             0x00000275   Thumb Code     0  __scatter.o(!!!scatter)
    __scatterload_null                       0x00000283   Thumb Code     0  __scatter.o(!!!scatter)
    __scatterload_zeroinit                   0x000002a9   Thumb Code    28  __scatter_zi.o(!!handler_zi)
    __rt_lib_init                            0x000002c5   Thumb Code     0  libinit.o(.ARM.Collect$$libinit$$00000000)
    __rt_lib_init_fp_1                       0x000002c7   Thumb Code     0  libinit2.o(.ARM.Collect$$libinit$$00000001)
    __rt_lib_init_alloca_1                   0x000002cb   Thumb Code     0  libinit2.o(.ARM.Collect$$libinit$$0000002C)
    __rt_lib_init_argv_1                     0x000002cb   Thumb Code     0  libinit2.o(.ARM.Collect$$libinit$$0000002A)
    __rt_lib_init_atexit_1                   0x000002cb   Thumb Code     0  libinit2.o(.ARM.Collect$$libinit$$00000019)
    __rt_lib_init_clock_1                    0x000002cb   Thumb Code     0  libinit2.o(.ARM.Collect$$libinit$$0000001F)
    __rt_lib_init_cpp_1                      0x000002cb   Thumb Code     0  libinit2.o(.ARM.Collect$$libinit$$00000030)
    __rt_lib_init_exceptions_1               0x000002cb   Thumb Code     0  libinit2.o(.ARM.Collect$$libinit$$0000002E)
    __rt_lib_init_fp_trap_1                  0x000002cb   Thumb Code     0  libinit2.o(.ARM.Collect$$libinit$$0000001D)
    __rt_lib_init_getenv_1                   0x000002cb   Thumb Code     0  libinit2.o(.ARM.Collect$$libinit$$00000021)
    __rt_lib_init_heap_1                     0x000002cb   Thumb Code     0  libinit2.o(.ARM.Collect$$libinit$$00000008)
    __rt_lib_init_lc_collate_1               0x000002cb   Thumb Code     0  libinit2.o(.ARM.Collect$$libinit$$0000000F)
    __rt_lib_init_lc_ctype_1                 0x000002cb   Thumb Code     0  libinit2.o(.ARM.Collect$$libinit$$00000011)
    __rt_lib_init_lc_monetary_1              0x000002cb   Thumb Code     0  libinit2.o(.ARM.Collect$$libinit$$00000013)
    __rt_lib_init_lc_numeric_1               0x000002cb   Thumb Code     0  libinit2.o(.ARM.Collect$$libinit$$00000015)
    __rt_lib_init_lc_time_1                  0x000002cb   Thumb Code     0  libinit2.o(.ARM.Collect$$libinit$$00000017)
    __rt_lib_init_rand_1                     0x000002cb   Thumb Code     0  libinit2.o(.ARM.Collect$$libinit$$0000000C)
    __rt_lib_init_return                     0x000002cb   Thumb Code     0  libinit2.o(.ARM.Collect$$libinit$$00000031)
    __rt_lib_init_signal_1                   0x000002cb   Thumb Code     0  libinit2.o(.ARM.Collect$$libinit$$0000001B)
    __rt_lib_init_stdio_1                    0x000002cb   Thumb Code     0  libinit2.o(.ARM.Collect$$libinit$$00000023)
    __rt_lib_init_user_alloc_1               0x000002cb   Thumb Code     0  libinit2.o(.ARM.Collect$$libinit$$0000000A)
    __rt_lib_shutdown                        0x000002cd   Thumb Code     0  libshutdown.o(.ARM.Collect$$libshutdown$$00000000)
    __rt_lib_shutdown_fp_trap_1              0x000002cf   Thumb Code     0  libshutdown2.o(.ARM.Collect$$libshutdown$$00000006)
    __rt_lib_shutdown_heap_1                 0x000002cf   Thumb Code     0  libshutdown2.o(.ARM.Collect$$libshutdown$$0000000E)
    __rt_lib_shutdown_return                 0x000002cf   Thumb Code     0  libshutdown2.o(.ARM.Collect$$libshutdown$$0000000F)
    __rt_lib_shutdown_signal_1               0x000002cf   Thumb Code     0  libshutdown2.o(.ARM.Collect$$libshutdown$$00000009)
    __rt_lib_shutdown_stdio_1                0x000002cf   Thumb Code     0  libshutdown2.o(.ARM.Collect$$libshutdown$$00000003)
    __rt_lib_shutdown_user_alloc_1           0x000002cf   Thumb Code     0  libshutdown2.o(.ARM.Collect$$libshutdown$$0000000B)
    __rt_entry                               0x000002d1   Thumb Code     0  rtentry.o(.ARM.Collect$$rtentry$$00000000)
    __rt_entry_presh_1                       0x000002d1   Thumb Code     0  rtentry2.o(.ARM.Collect$$rtentry$$00000002)
    __rt_entry_sh                            0x000002d1   Thumb Code     0  rtentry4.o(.ARM.Collect$$rtentry$$00000004)
    __rt_entry_li                            0x000002d7   Thumb Code     0  rtentry2.o(.ARM.Collect$$rtentry$$0000000A)
    __rt_entry_postsh_1                      0x000002d7   Thumb Code     0  rtentry2.o(.ARM.Collect$$rtentry$$00000009)
    __rt_entry_main                          0x000002db   Thumb Code     0  rtentry2.o(.ARM.Collect$$rtentry$$0000000D)
    __rt_entry_postli_1                      0x000002db   Thumb Code     0  rtentry2.o(.ARM.Collect$$rtentry$$0000000C)
    __rt_exit                                0x000002e3   Thumb Code     0  rtexit.o(.ARM.Collect$$rtexit$$00000000)
    __rt_exit_ls                             0x000002e5   Thumb Code     0  rtexit2.o(.ARM.Collect$$rtexit$$00000003)
    __rt_exit_prels_1                        0x000002e5   Thumb Code     0  rtexit2.o(.ARM.Collect$$rtexit$$00000002)
    __rt_exit_exit                           0x000002e9   Thumb Code     0  rtexit2.o(.ARM.Collect$$rtexit$$00000004)
    SysCtlDelay                              0x000002f1   Thumb Code     6  sysctl.o(.emb_text)
    Reset_Handler                            0x000002f9   Thumb Code     8  startup_tm4c123.o(.text)
    NMI_Handler                              0x00000301   Thumb Code     2  startup_tm4c123.o(.text)
    HardFault_Handler                        0x00000303   Thumb Code     2  startup_tm4c123.o(.text)
    MemManage_Handler                        0x00000305   Thumb Code     2  startup_tm4c123.o(.text)
    BusFault_Handler                         0x00000307   Thumb Code     2  startup_tm4c123.o(.text)
    UsageFault_Handler                       0x00000309   Thumb Code     2  startup_tm4c123.o(.text)
    SVC_Handler                              0x0000030b   Thumb Code     2  startup_tm4c123.o(.text)
    DebugMon_Handler                         0x0000030d   Thumb Code     2  startup_tm4c123.o(.text)
    PendSV_Handler                           0x0000030f   Thumb Code     2  startup_tm4c123.o(.text)
    SysTick_Handler                          0x00000311   Thumb Code     2  startup_tm4c123.o(.text)
    GPIOA_Handler                            0x00000313   Thumb Code     2  startup_tm4c123.o(.text)
    GPIOB_Handler                            0x00000315   Thumb Code     2  startup_tm4c123.o(.text)
    GPIOC_Handler                            0x00000317   Thumb Code     2  startup_tm4c123.o(.text)
    GPIOD_Handler                            0x00000319   Thumb Code     2  startup_tm4c123.o(.text)
    GPIOE_Handler                            0x0000031b   Thumb Code     2  startup_tm4c123.o(.text)
    UART0_Handler                            0x0000031d   Thumb Code     2  startup_tm4c123.o(.text)
    UART1_Handler                            0x0000031f   Thumb Code     2  startup_tm4c123.o(.text)
    SSI0_Handler                             0x00000321   Thumb Code     2  startup_tm4c123.o(.text)
    I2C0_Handler                             0x00000323   Thumb Code     2  startup_tm4c123.o(.text)
    PMW0_FAULT_Handler                       0x00000325   Thumb Code     2  startup_tm4c123.o(.text)
    PWM0_0_Handler                           0x00000327   Thumb Code     2  startup_tm4c123.o(.text)
    PWM0_1_Handler                           0x00000329   Thumb Code     2  startup_tm4c123.o(.text)
    PWM0_2_Handler                           0x0000032b   Thumb Code     2  startup_tm4c123.o(.text)
    QEI0_Handler                             0x0000032d   Thumb Code     2  startup_tm4c123.o(.text)
    ADC0SS0_Handler                          0x0000032f   Thumb Code     2  startup_tm4c123.o(.text)
    ADC0SS1_Handler                          0x00000331   Thumb Code     2  startup_tm4c123.o(.text)
    ADC0SS2_Handler                          0x00000333   Thumb Code     2  startup_tm4c123.o(.text)
    ADC0SS3_Handler                          0x00000335   Thumb Code     2  startup_tm4c123.o(.text)
    WDT0_Handler                             0x00000337   Thumb Code     2  startup_tm4c123.o(.text)
    TIMER0A_Handler                          0x00000339   Thumb Code     2  startup_tm4c123.o(.text)
    TIMER0B_Handler                          0x0000033b   Thumb Code     2  startup_tm4c123.o(.text)
    TIMER1A_Handler                          0x0000033d   Thumb Code     2  startup_tm4c123.o(.text)
    TIMER1B_Handler                          0x0000033f   Thumb Code     2  startup_tm4c123.o(.text)
    TIMER2A_Handler                          0x00000341   Thumb Code     2  startup_tm4c123.o(.text)
    TIMER2B_Handler                          0x00000343   Thumb Code     2  startup_tm4c123.o(.text)
    COMP0_Handler                            0x00000345   Thumb Code     2  startup_tm4c123.o(.text)
    COMP1_Handler                            0x00000347   Thumb Code     2  startup_tm4c123.o(.text)
    COMP2_Handler                            0x00000349   Thumb Code     2  startup_tm4c123.o(.text)
    SYSCTL_Handler                           0x0000034b   Thumb Code     2  startup_tm4c123.o(.text)
    FLASH_Handler                            0x0000034d   Thumb Code     2  startup_tm4c123.o(.text)
    GPIOF_Handler                            0x0000034f   Thumb Code     2  startup_tm4c123.o(.text)
    GPIOG_Handler                            0x00000351   Thumb Code     2  startup_tm4c123.o(.text)
    GPIOH_Handler                            0x00000353   Thumb Code     2  startup_tm4c123.o(.text)
    UART2_Handler                            0x00000355   Thumb Code     2  startup_tm4c123.o(.text)
    SSI1_Handler                             0x00000357   Thumb Code     2  startup_tm4c123.o(.text)
    TIMER3A_Handler                          0x00000359   Thumb Code     2  startup_tm4c123.o(.text)
    TIMER3B_Handler                          0x0000035b   Thumb Code     2  startup_tm4c123.o(.text)
    I2C1_Handler                             0x0000035d   Thumb Code     2  startup_tm4c123.o(.text)
    QEI1_Handler                             0x0000035f   Thumb Code     2  startup_tm4c123.o(.text)
    CAN0_Handler                             0x00000361   Thumb Code     2  startup_tm4c123.o(.text)
    CAN1_Handler                             0x00000363   Thumb Code     2  startup_tm4c123.o(.text)
    CAN2_Handler                             0x00000365   Thumb Code     2  startup_tm4c123.o(.text)
    HIB_Handler                              0x00000367   Thumb Code     2  startup_tm4c123.o(.text)
    USB0_Handler                             0x00000369   Thumb Code     2  startup_tm4c123.o(.text)
    PWM0_3_Handler                           0x0000036b   Thumb Code     2  startup_tm4c123.o(.text)
    UDMA_Handler                             0x0000036d   Thumb Code     2  startup_tm4c123.o(.text)
    UDMAERR_Handler                          0x0000036f   Thumb Code     2  startup_tm4c123.o(.text)
    ADC1SS0_Handler                          0x00000371   Thumb Code     2  startup_tm4c123.o(.text)
    ADC1SS1_Handler                          0x00000373   Thumb Code     2  startup_tm4c123.o(.text)
    ADC1SS2_Handler                          0x00000375   Thumb Code     2  startup_tm4c123.o(.text)
    ADC1SS3_Handler                          0x00000377   Thumb Code     2  startup_tm4c123.o(.text)
    GPIOJ_Handler                            0x00000379   Thumb Code     2  startup_tm4c123.o(.text)
    GPIOK_Handler                            0x0000037b   Thumb Code     2  startup_tm4c123.o(.text)
    GPIOL_Handler                            0x0000037d   Thumb Code     2  startup_tm4c123.o(.text)
    SSI2_Handler                             0x0000037f   Thumb Code     2  startup_tm4c123.o(.text)
    SSI3_Handler                             0x00000381   Thumb Code     2  startup_tm4c123.o(.text)
    UART3_Handler                            0x00000383   Thumb Code     2  startup_tm4c123.o(.text)
    UART4_Handler                            0x00000385   Thumb Code     2  startup_tm4c123.o(.text)
    UART5_Handler                            0x00000387   Thumb Code     2  startup_tm4c123.o(.text)
    UART6_Handler                            0x00000389   Thumb Code     2  startup_tm4c123.o(.text)
    UART7_Handler                            0x0000038b   Thumb Code     2  startup_tm4c123.o(.text)
    I2C2_Handler                             0x0000038d   Thumb Code     2  startup_tm4c123.o(.text)
    I2C3_Handler                             0x0000038f   Thumb Code     2  startup_tm4c123.o(.text)
    TIMER4A_Handler                          0x00000391   Thumb Code     2  startup_tm4c123.o(.text)
    TIMER4B_Handler                          0x00000393   Thumb Code     2  startup_tm4c123.o(.text)
    TIMER5A_Handler                          0x00000395   Thumb Code     2  startup_tm4c123.o(.text)
    TIMER5B_Handler                          0x00000397   Thumb Code     2  startup_tm4c123.o(.text)
    WTIMER0A_Handler                         0x00000399   Thumb Code     2  startup_tm4c123.o(.text)
    WTIMER0B_Handler                         0x0000039b   Thumb Code     2  startup_tm4c123.o(.text)
    WTIMER1A_Handler                         0x0000039d   Thumb Code     2  startup_tm4c123.o(.text)
    WTIMER1B_Handler                         0x0000039f   Thumb Code     2  startup_tm4c123.o(.text)
    WTIMER2A_Handler                         0x000003a1   Thumb Code     2  startup_tm4c123.o(.text)
    WTIMER2B_Handler                         0x000003a3   Thumb Code     2  startup_tm4c123.o(.text)
    WTIMER3A_Handler                         0x000003a5   Thumb Code     2  startup_tm4c123.o(.text)
    WTIMER3B_Handler                         0x000003a7   Thumb Code     2  startup_tm4c123.o(.text)
    WTIMER4A_Handler                         0x000003a9   Thumb Code     2  startup_tm4c123.o(.text)
    WTIMER4B_Handler                         0x000003ab   Thumb Code     2  startup_tm4c123.o(.text)
    WTIMER5A_Handler                         0x000003ad   Thumb Code     2  startup_tm4c123.o(.text)
    WTIMER5B_Handler                         0x000003af   Thumb Code     2  startup_tm4c123.o(.text)
    FPU_Handler                              0x000003b1   Thumb Code     2  startup_tm4c123.o(.text)
    I2C4_Handler                             0x000003b3   Thumb Code     2  startup_tm4c123.o(.text)
    I2C5_Handler                             0x000003b5   Thumb Code     2  startup_tm4c123.o(.text)
    GPIOM_Handler                            0x000003b7   Thumb Code     2  startup_tm4c123.o(.text)
    GPION_Handler                            0x000003b9   Thumb Code     2  startup_tm4c123.o(.text)
    QEI2_Handler                             0x000003bb   Thumb Code     2  startup_tm4c123.o(.text)
    GPIOP0_Handler                           0x000003bd   Thumb Code     2  startup_tm4c123.o(.text)
    GPIOP1_Handler                           0x000003bf   Thumb Code     2  startup_tm4c123.o(.text)
    GPIOP2_Handler                           0x000003c1   Thumb Code     2  startup_tm4c123.o(.text)
    GPIOP3_Handler                           0x000003c3   Thumb Code     2  startup_tm4c123.o(.text)
    GPIOP4_Handler                           0x000003c5   Thumb Code     2  startup_tm4c123.o(.text)
    GPIOP5_Handler                           0x000003c7   Thumb Code     2  startup_tm4c123.o(.text)
    GPIOP6_Handler                           0x000003c9   Thumb Code     2  startup_tm4c123.o(.text)
    GPIOP7_Handler                           0x000003cb   Thumb Code     2  startup_tm4c123.o(.text)
    GPIOQ0_Handler                           0x000003cd   Thumb Code     2  startup_tm4c123.o(.text)
    GPIOQ1_Handler                           0x000003cf   Thumb Code     2  startup_tm4c123.o(.text)
    GPIOQ2_Handler                           0x000003d1   Thumb Code     2  startup_tm4c123.o(.text)
    GPIOQ3_Handler                           0x000003d3   Thumb Code     2  startup_tm4c123.o(.text)
    GPIOQ4_Handler                           0x000003d5   Thumb Code     2  startup_tm4c123.o(.text)
    GPIOQ5_Handler                           0x000003d7   Thumb Code     2  startup_tm4c123.o(.text)
    GPIOQ6_Handler                           0x000003d9   Thumb Code     2  startup_tm4c123.o(.text)
    GPIOQ7_Handler                           0x000003db   Thumb Code     2  startup_tm4c123.o(.text)
    GPIOR_Handler                            0x000003dd   Thumb Code     2  startup_tm4c123.o(.text)
    GPIOS_Handler                            0x000003df   Thumb Code     2  startup_tm4c123.o(.text)
    PMW1_0_Handler                           0x000003e1   Thumb Code     2  startup_tm4c123.o(.text)
    PWM1_1_Handler                           0x000003e3   Thumb Code     2  startup_tm4c123.o(.text)
    PWM1_2_Handler                           0x000003e5   Thumb Code     2  startup_tm4c123.o(.text)
    PWM1_3_Handler                           0x000003e7   Thumb Code     2  startup_tm4c123.o(.text)
    PWM1_FAULT_Handler                       0x000003e9   Thumb Code     2  startup_tm4c123.o(.text)
    __user_initial_stackheap                 0x000003ed   Thumb Code     0  startup_tm4c123.o(.text)
    __use_two_region_memory                  0x0000040d   Thumb Code     2  heapauxi.o(.text)
    __rt_heap_escrow$2region                 0x0000040f   Thumb Code     2  heapauxi.o(.text)
    __rt_heap_expand$2region                 0x00000411   Thumb Code     2  heapauxi.o(.text)
    __user_setup_stackheap                   0x00000413   Thumb Code    74  sys_stackheap_outer.o(.text)
    exit                                     0x0000045d   Thumb Code    12  exit.o(.text)
    __user_libspace                          0x00000469   Thumb Code     8  libspace.o(.text)
    __user_perproc_libspace                  0x00000469   Thumb Code     0  libspace.o(.text)
    __user_perthread_libspace                0x00000469   Thumb Code     0  libspace.o(.text)
    _sys_exit                                0x00000471   Thumb Code     8  sys_exit.o(.text)
    __I$use$semihosting                      0x0000047d   Thumb Code     0  use_no_semi.o(.text)
    __use_no_semihosting_swi                 0x0000047d   Thumb Code     2  use_no_semi.o(.text)
    GPIODirModeSet                           0x0000047f   Thumb Code    38  gpio.o(i.GPIODirModeSet)
    __semihosting_library_function           0x0000047f   Thumb Code     0  indicate_semi.o(.text)
    GPIOPadConfigSet                         0x000004a5   Thumb Code   164  gpio.o(i.GPIOPadConfigSet)
    GPIOPinTypeGPIOOutput                    0x00000549   Thumb Code    28  gpio.o(i.GPIOPinTypeGPIOOutput)
    GPIOPinWrite                             0x00000565   Thumb Code     6  gpio.o(i.GPIOPinWrite)
    SysCtlClockSet                           0x0000056d   Thumb Code   292  sysctl.o(i.SysCtlClockSet)
    SysCtlPeripheralEnable                   0x000006a5   Thumb Code    68  sysctl.o(i.SysCtlPeripheralEnable)
    SystemInit                               0x000006f1   Thumb Code    90  system_tm4c123.o(i.SystemInit)
    main                                     0x00000775   Thumb Code    58  main.o(i.main)
    _fp_init                                 0x000007c1   Thumb Code    10  fpinit.o(x$fpl$fpinit)
    __fplib_config_fpu_vfp                   0x000007c9   Thumb Code     0  fpinit.o(x$fpl$fpinit)
    __fplib_config_pureend_doubles           0x000007c9   Thumb Code     0  fpinit.o(x$fpl$fpinit)
    Region$$Table$$Base                      0x00000998   Number         0  anon$$obj.o(Region$$Table)
    Region$$Table$$Limit                     0x000009a8   Number         0  anon$$obj.o(Region$$Table)
    __libspace_start                         0x20000000   Data          96  libspace.o(.bss)
    __temporary_stack_top$libspace           0x20000060   Data           0  libspace.o(.bss)



==============================================================================

Memory Map of the image

  Image Entry point : 0x0000026d

  Load Region LR_IROM1 (Base: 0x00000000, Size: 0x000009a8, Max: 0x00040000, ABSOLUTE)

    Execution Region ER_IROM1 (Base: 0x00000000, Size: 0x000009a8, Max: 0x00040000, ABSOLUTE)

    Base Addr    Size         Type   Attr      Idx    E Section Name        Object

    0x00000000   0x0000026c   Data   RO            3    RESET               startup_tm4c123.o
    0x0000026c   0x00000008   Code   RO         5001  * !!!main             c_w.l(__main.o)
    0x00000274   0x00000034   Code   RO         5155    !!!scatter          c_w.l(__scatter.o)
    0x000002a8   0x0000001c   Code   RO         5157    !!handler_zi        c_w.l(__scatter_zi.o)
    0x000002c4   0x00000002   Code   RO         5028    .ARM.Collect$$libinit$$00000000  c_w.l(libinit.o)
    0x000002c6   0x00000004   Code   RO         5034    .ARM.Collect$$libinit$$00000001  c_w.l(libinit2.o)
    0x000002ca   0x00000000   Code   RO         5038    .ARM.Collect$$libinit$$00000008  c_w.l(libinit2.o)
    0x000002ca   0x00000000   Code   RO         5040    .ARM.Collect$$libinit$$0000000A  c_w.l(libinit2.o)
    0x000002ca   0x00000000   Code   RO         5042    .ARM.Collect$$libinit$$0000000C  c_w.l(libinit2.o)
    0x000002ca   0x00000000   Code   RO         5045    .ARM.Collect$$libinit$$0000000F  c_w.l(libinit2.o)
    0x000002ca   0x00000000   Code   RO         5047    .ARM.Collect$$libinit$$00000011  c_w.l(libinit2.o)
    0x000002ca   0x00000000   Code   RO         5049    .ARM.Collect$$libinit$$00000013  c_w.l(libinit2.o)
    0x000002ca   0x00000000   Code   RO         5051    .ARM.Collect$$libinit$$00000015  c_w.l(libinit2.o)
    0x000002ca   0x00000000   Code   RO         5053    .ARM.Collect$$libinit$$00000017  c_w.l(libinit2.o)
    0x000002ca   0x00000000   Code   RO         5055    .ARM.Collect$$libinit$$00000019  c_w.l(libinit2.o)
    0x000002ca   0x00000000   Code   RO         5057    .ARM.Collect$$libinit$$0000001B  c_w.l(libinit2.o)
    0x000002ca   0x00000000   Code   RO         5059    .ARM.Collect$$libinit$$0000001D  c_w.l(libinit2.o)
    0x000002ca   0x00000000   Code   RO         5061    .ARM.Collect$$libinit$$0000001F  c_w.l(libinit2.o)
    0x000002ca   0x00000000   Code   RO         5063    .ARM.Collect$$libinit$$00000021  c_w.l(libinit2.o)
    0x000002ca   0x00000000   Code   RO         5065    .ARM.Collect$$libinit$$00000023  c_w.l(libinit2.o)
    0x000002ca   0x00000000   Code   RO         5069    .ARM.Collect$$libinit$$0000002A  c_w.l(libinit2.o)
    0x000002ca   0x00000000   Code   RO         5071    .ARM.Collect$$libinit$$0000002C  c_w.l(libinit2.o)
    0x000002ca   0x00000000   Code   RO         5073    .ARM.Collect$$libinit$$0000002E  c_w.l(libinit2.o)
    0x000002ca   0x00000000   Code   RO         5075    .ARM.Collect$$libinit$$00000030  c_w.l(libinit2.o)
    0x000002ca   0x00000002   Code   RO         5076    .ARM.Collect$$libinit$$00000031  c_w.l(libinit2.o)
    0x000002cc   0x00000002   Code   RO         5096    .ARM.Collect$$libshutdown$$00000000  c_w.l(libshutdown.o)
    0x000002ce   0x00000000   Code   RO         5110    .ARM.Collect$$libshutdown$$00000003  c_w.l(libshutdown2.o)
    0x000002ce   0x00000000   Code   RO         5113    .ARM.Collect$$libshutdown$$00000006  c_w.l(libshutdown2.o)
    0x000002ce   0x00000000   Code   RO         5116    .ARM.Collect$$libshutdown$$00000009  c_w.l(libshutdown2.o)
    0x000002ce   0x00000000   Code   RO         5118    .ARM.Collect$$libshutdown$$0000000B  c_w.l(libshutdown2.o)
    0x000002ce   0x00000000   Code   RO         5121    .ARM.Collect$$libshutdown$$0000000E  c_w.l(libshutdown2.o)
    0x000002ce   0x00000002   Code   RO         5122    .ARM.Collect$$libshutdown$$0000000F  c_w.l(libshutdown2.o)
    0x000002d0   0x00000000   Code   RO         5003    .ARM.Collect$$rtentry$$00000000  c_w.l(rtentry.o)
    0x000002d0   0x00000000   Code   RO         5005    .ARM.Collect$$rtentry$$00000002  c_w.l(rtentry2.o)
    0x000002d0   0x00000006   Code   RO         5017    .ARM.Collect$$rtentry$$00000004  c_w.l(rtentry4.o)
    0x000002d6   0x00000000   Code   RO         5007    .ARM.Collect$$rtentry$$00000009  c_w.l(rtentry2.o)
    0x000002d6   0x00000004   Code   RO         5008    .ARM.Collect$$rtentry$$0000000A  c_w.l(rtentry2.o)
    0x000002da   0x00000000   Code   RO         5010    .ARM.Collect$$rtentry$$0000000C  c_w.l(rtentry2.o)
    0x000002da   0x00000008   Code   RO         5011    .ARM.Collect$$rtentry$$0000000D  c_w.l(rtentry2.o)
    0x000002e2   0x00000002   Code   RO         5032    .ARM.Collect$$rtexit$$00000000  c_w.l(rtexit.o)
    0x000002e4   0x00000000   Code   RO         5078    .ARM.Collect$$rtexit$$00000002  c_w.l(rtexit2.o)
    0x000002e4   0x00000004   Code   RO         5079    .ARM.Collect$$rtexit$$00000003  c_w.l(rtexit2.o)
    0x000002e8   0x00000006   Code   RO         5080    .ARM.Collect$$rtexit$$00000004  c_w.l(rtexit2.o)
    0x000002ee   0x00000002   PAD
    0x000002f0   0x00000006   Code   RO         3242    .emb_text           sysctl.o
    0x000002f6   0x00000002   PAD
    0x000002f8   0x00000114   Code   RO            4    .text               startup_tm4c123.o
    0x0000040c   0x00000006   Code   RO         4999    .text               c_w.l(heapauxi.o)
    0x00000412   0x0000004a   Code   RO         5019    .text               c_w.l(sys_stackheap_outer.o)
    0x0000045c   0x0000000c   Code   RO         5021    .text               c_w.l(exit.o)
    0x00000468   0x00000008   Code   RO         5029    .text               c_w.l(libspace.o)
    0x00000470   0x0000000c   Code   RO         5088    .text               c_w.l(sys_exit.o)
    0x0000047c   0x00000002   Code   RO         5099    .text               c_w.l(use_no_semi.o)
    0x0000047e   0x00000000   Code   RO         5101    .text               c_w.l(indicate_semi.o)
    0x0000047e   0x00000026   Code   RO         1302    i.GPIODirModeSet    gpio.o
    0x000004a4   0x000000a4   Code   RO         1307    i.GPIOPadConfigSet  gpio.o
    0x00000548   0x0000001c   Code   RO         1322    i.GPIOPinTypeGPIOOutput  gpio.o
    0x00000564   0x00000006   Code   RO         1337    i.GPIOPinWrite      gpio.o
    0x0000056a   0x00000002   PAD
    0x0000056c   0x00000138   Code   RO         3248    i.SysCtlClockSet    sysctl.o
    0x000006a4   0x0000004c   Code   RO         3275    i.SysCtlPeripheralEnable  sysctl.o
    0x000006f0   0x00000084   Code   RO           45    i.SystemInit        system_tm4c123.o
    0x00000774   0x0000004c   Code   RO           10    i.main              main.o
    0x000007c0   0x0000000a   Code   RO         5086    x$fpl$fpinit        fz_wm.l(fpinit.o)
    0x000007ca   0x00000002   PAD
    0x000007cc   0x000001cc   Data   RO         3292    .constdata          sysctl.o
    0x00000998   0x00000010   Data   RO         5153    Region$$Table       anon$$obj.o


    Execution Region RW_IRAM1 (Base: 0x20000000, Size: 0x00000260, Max: 0x00008000, ABSOLUTE)

    Base Addr    Size         Type   Attr      Idx    E Section Name        Object

    0x20000000   0x00000060   Zero   RW         5030    .bss                c_w.l(libspace.o)
    0x20000060   0x00000000   Zero   RW            2    HEAP                startup_tm4c123.o
    0x20000060   0x00000200   Zero   RW            1    STACK               startup_tm4c123.o


==============================================================================

Image component sizes


      Code (inc. data)   RO Data    RW Data    ZI Data      Debug   Object Name

         0          0          0          0          0       3128   adc.o
       236          0          0          0          0       2203   gpio.o
        76         18          0          0          0       3527   main.o
       276         24        620          0        512       5396   startup_tm4c123.o
       394         28        460          0          0       3015   sysctl.o
       132         42          0          0          0       4733   system_tm4c123.o

    ----------------------------------------------------------------------
      1118        112       1096          0        512      22002   Object Totals
         0          0         16          0          0          0   (incl. Generated)
         4          0          0          0          0          0   (incl. Padding)

    ----------------------------------------------------------------------

      Code (inc. data)   RO Data    RW Data    ZI Data      Debug   Library Member Name

         8          0          0          0          0         68   __main.o
        52          8          0          0          0          0   __scatter.o
        28          0          0          0          0          0   __scatter_zi.o
        12          0          0          0          0         72   exit.o
         6          0          0          0          0        152   heapauxi.o
         0          0          0          0          0          0   indicate_semi.o
         2          0          0          0          0          0   libinit.o
         6          0          0          0          0          0   libinit2.o
         2          0          0          0          0          0   libshutdown.o
         2          0          0          0          0          0   libshutdown2.o
         8          4          0          0         96         68   libspace.o
         0          0          0          0          0          0   rtentry.o
        12          0          0          0          0          0   rtentry2.o
         6          0          0          0          0          0   rtentry4.o
         2          0          0          0          0          0   rtexit.o
        10          0          0          0          0          0   rtexit2.o
        12          4          0          0          0         68   sys_exit.o
        74          0          0          0          0         80   sys_stackheap_outer.o
         2          0          0          0          0         68   use_no_semi.o
        10          0          0          0          0        116   fpinit.o

    ----------------------------------------------------------------------
       258         16          0          0         96        692   Library Totals
         4          0          0          0          0          0   (incl. Padding)

    ----------------------------------------------------------------------

      Code (inc. data)   RO Data    RW Data    ZI Data      Debug   Library Name

       244         16          0          0         96        576   c_w.l
        10          0          0          0          0        116   fz_wm.l

    ----------------------------------------------------------------------
       258         16          0          0         96        692   Library Totals

    ----------------------------------------------------------------------

==============================================================================


      Code (inc. data)   RO Data    RW Data    ZI Data      Debug   

      1376        128       1096          0        608      21834   Grand Totals
      1376        128       1096          0        608      21834   ELF Image Totals
      1376        128       1096          0          0          0   ROM Totals

==============================================================================

    Total RO  Size (Code + RO Data)                 2472 (   2.41kB)
    Total RW  Size (RW Data + ZI Data)               608 (   0.59kB)
    Total ROM Size (Code + RO Data + RW Data)       2472 (   2.41kB)

==============================================================================

